     VMA      LMA     Size Align Out     In      Symbol
       0        0        0     1 _stext = ORIGIN ( FLASH ) + 0x420
   a0000    a0000      180    64 .ram_nc
   a0000    a0000      180    64         /home/slee/work/rot/aspeed/slee/for_push/aspeed-rust/target/thumbv7em-none-eabihf/debug/deps/libaspeed_ddk-b5c71a3d31eda179.rlib(aspeed_ddk-b5c71a3d31eda179.3aiffx0z8s0ulzty9ysui3qnf.rcgu.o):(.ram_nc)
   a0000    a0000      180     1                 aspeed_ddk::hash::HASH_CTX::h950d0d23e5d2d1a4
   a0180    a0180        0     1         . = ALIGN ( 4 )
   a0180    a0180        0     1 PROVIDE ( NonMaskableInt = DefaultHandler )
   a0180    a0180        0     1 PROVIDE ( MemoryManagement = DefaultHandler )
   a0180    a0180        0     1 PROVIDE ( BusFault = DefaultHandler )
   a0180    a0180        0     1 PROVIDE ( UsageFault = DefaultHandler )
   a0180    a0180        0     1 PROVIDE ( SVCall = DefaultHandler )
   a0180    a0180        0     1 PROVIDE ( DebugMonitor = DefaultHandler )
   a0180    a0180        0     1 PROVIDE ( PendSV = DefaultHandler )
   a0180    a0180        0     1 PROVIDE ( SysTick = DefaultHandler )
   a0180    a0180        0     1 PROVIDE ( DefaultHandler = DefaultHandler_ )
   a0180    a0180        0     1 PROVIDE ( HardFault = HardFault_ )
   a0180    a0180        0     1 PROVIDE ( _stack_start = ORIGIN ( RAM ) + LENGTH ( RAM ) )
       0        0      240     4 .vector_table
       0        0        4     1         LONG ( _stack_start )
       4        4        4     4         /home/slee/work/rot/aspeed/slee/for_push/aspeed-rust/target/thumbv7em-none-eabihf/debug/deps/libcortex_m_rt-233497c59cb9212a.rlib(cortex_m_rt-233497c59cb9212a.cortex_m_rt.9d372c7205fe0a0b-cgu.0.rcgu.o):(.vector_table.reset_vector)
       4        4        4     1                 __RESET_VECTOR
       8        8        0     1         __reset_vector = .
       8        8       38     4         /home/slee/work/rot/aspeed/slee/for_push/aspeed-rust/target/thumbv7em-none-eabihf/debug/deps/libcortex_m_rt-233497c59cb9212a.rlib(cortex_m_rt-233497c59cb9212a.cortex_m_rt.9d372c7205fe0a0b-cgu.0.rcgu.o):(.vector_table.exceptions)
       8        8       38     1                 __EXCEPTIONS
      40       40        0     1         __eexceptions = .
      40       40      200     4         /home/slee/work/rot/aspeed/slee/for_push/aspeed-rust/target/thumbv7em-none-eabihf/debug/deps/libast1060_pac-ae3a0009a26cf8cd.rlib(ast1060_pac-ae3a0009a26cf8cd.ast1060_pac.2a76fe9214a5962a-cgu.0.rcgu.o):(.vector_table.interrupts)
      40       40      200     1                 __INTERRUPTS
     420      420     6e44     4 .text
     420      420       4e     2         /home/slee/work/rot/aspeed/slee/for_push/aspeed-rust/target/thumbv7em-none-eabihf/debug/deps/libcortex_m_rt-233497c59cb9212a.rlib(cortex_m_rt-233497c59cb9212a.cortex_m_rt.9d372c7205fe0a0b-cgu.0.rcgu.o):(.Reset)
     420      420        0     1                 $t
     421      421       4e     1                 Reset
     46e      46e       a8     2         /home/slee/work/rot/aspeed/slee/for_push/aspeed-rust/target/thumbv7em-none-eabihf/debug/deps/aspeed_ddk-35bc4f8ee92eabc0.0av9k7tbgubnsn552oj0t8fyl.rcgu.o:(.text._ZN10aspeed_ddk6syscon15SysCon$LT$D$GT$11enable_hace17h40dc5a2648e00db6E)
     46e      46e        0     1                 $t
     46f      46f       a8     1                 aspeed_ddk::syscon::SysCon$LT$D$GT$::enable_hace::h40dc5a2648e00db6
     516      516       10     2         /home/slee/work/rot/aspeed/slee/for_push/aspeed-rust/target/thumbv7em-none-eabihf/debug/deps/aspeed_ddk-35bc4f8ee92eabc0.0av9k7tbgubnsn552oj0t8fyl.rcgu.o:(.text._ZN10aspeed_ddk6syscon15SysCon$LT$D$GT$11enable_hace28_$u7b$$u7b$closure$u7d$$u7d$17h540d20127cc38e6aE)
     516      516        0     1                 $t
     517      517       10     1                 aspeed_ddk::syscon::SysCon$LT$D$GT$::enable_hace::_$u7b$$u7b$closure$u7d$$u7d$::h540d20127cc38e6a
     526      526       68     2         /home/slee/work/rot/aspeed/slee/for_push/aspeed-rust/target/thumbv7em-none-eabihf/debug/deps/aspeed_ddk-35bc4f8ee92eabc0.0av9k7tbgubnsn552oj0t8fyl.rcgu.o:(.text._ZN10aspeed_ddk6syscon15SysCon$LT$D$GT$11enable_hace28_$u7b$$u7b$closure$u7d$$u7d$17hafeaceb9e911ae57E)
     526      526        0     1                 $t
     527      527       68     1                 aspeed_ddk::syscon::SysCon$LT$D$GT$::enable_hace::_$u7b$$u7b$closure$u7d$$u7d$::hafeaceb9e911ae57
     58e      58e        6     2         /home/slee/work/rot/aspeed/slee/for_push/aspeed-rust/target/thumbv7em-none-eabihf/debug/deps/aspeed_ddk-35bc4f8ee92eabc0.0av9k7tbgubnsn552oj0t8fyl.rcgu.o:(.text._ZN10aspeed_ddk6syscon15SysCon$LT$D$GT$3new17hcfe8dde78fafeb4fE)
     58e      58e        0     1                 $t
     58f      58f        6     1                 aspeed_ddk::syscon::SysCon$LT$D$GT$::new::hcfe8dde78fafeb4f
     594      594       18     2         /home/slee/work/rot/aspeed/slee/for_push/aspeed-rust/target/thumbv7em-none-eabihf/debug/deps/aspeed_ddk-35bc4f8ee92eabc0.1c93wwykzhqnd901yhaayeskp.rcgu.o:(.text._ZN5fugit8duration27Duration$LT$u32$C$_$C$_$GT$10from_ticks17h52733473c3786662E)
     594      594        0     1                 $t
     595      595       18     1                 fugit::duration::Duration$LT$u32$C$_$C$_$GT$::from_ticks::h52733473c3786662
     5ac      5ac       26     2         /home/slee/work/rot/aspeed/slee/for_push/aspeed-rust/target/thumbv7em-none-eabihf/debug/deps/aspeed_ddk-35bc4f8ee92eabc0.1c93wwykzhqnd901yhaayeskp.rcgu.o:(.text._ZN5fugit8duration27Duration$LT$u32$C$_$C$_$GT$6millis17h3b8dcf7b380b16cdE)
     5ac      5ac        0     1                 $t
     5ad      5ad       26     1                 fugit::duration::Duration$LT$u32$C$_$C$_$GT$::millis::h3b8dcf7b380b16cd
     5d2      5d2       24     2         /home/slee/work/rot/aspeed/slee/for_push/aspeed-rust/target/thumbv7em-none-eabihf/debug/deps/aspeed_ddk-35bc4f8ee92eabc0.1c93wwykzhqnd901yhaayeskp.rcgu.o:(.text._ZN5fugit8duration27Duration$LT$u32$C$_$C$_$GT$9to_millis17h22e0208abd9caddfE)
     5d2      5d2        0     1                 $t
     5d3      5d3       24     1                 fugit::duration::Duration$LT$u32$C$_$C$_$GT$::to_millis::h22e0208abd9caddf
     5f6      5f6       10     2         /home/slee/work/rot/aspeed/slee/for_push/aspeed-rust/target/thumbv7em-none-eabihf/debug/deps/aspeed_ddk-35bc4f8ee92eabc0.1cqi36ip8suv0rkjca6j4y8ww.rcgu.o:(.text._ZN4core4iter5range101_$LT$impl$u20$core..iter..traits..iterator..Iterator$u20$for$u20$core..ops..range..Range$LT$A$GT$$GT$4next17ha4424d776c2027a1E)
     5f6      5f6        0     1                 $t
     5f7      5f7       10     1                 core::iter::range::_$LT$impl$u20$core..iter..traits..iterator..Iterator$u20$for$u20$core..ops..range..Range$LT$A$GT$$GT$::next::ha4424d776c2027a1
     606      606        a     2         /home/slee/work/rot/aspeed/slee/for_push/aspeed-rust/target/thumbv7em-none-eabihf/debug/deps/aspeed_ddk-35bc4f8ee92eabc0.1cqi36ip8suv0rkjca6j4y8ww.rcgu.o:(.text._ZN63_$LT$I$u20$as$u20$core..iter..traits..collect..IntoIterator$GT$9into_iter17hf741c118a324ebedE)
     606      606        0     1                 $t
     607      607        a     1                 _$LT$I$u20$as$u20$core..iter..traits..collect..IntoIterator$GT$::into_iter::hf741c118a324ebed
     610      610       4a     2         /home/slee/work/rot/aspeed/slee/for_push/aspeed-rust/target/thumbv7em-none-eabihf/debug/deps/aspeed_ddk-35bc4f8ee92eabc0.1cqi36ip8suv0rkjca6j4y8ww.rcgu.o:(.text._ZN89_$LT$core..ops..range..Range$LT$T$GT$$u20$as$u20$core..iter..range..RangeIteratorImpl$GT$9spec_next17hc3bc2a219832278dE)
     610      610        0     1                 $t
     611      611       4a     1                 _$LT$core..ops..range..Range$LT$T$GT$$u20$as$u20$core..iter..range..RangeIteratorImpl$GT$::spec_next::hc3bc2a219832278d
     65a      65a       26     2         /home/slee/work/rot/aspeed/slee/for_push/aspeed-rust/target/thumbv7em-none-eabihf/debug/deps/aspeed_ddk-35bc4f8ee92eabc0.3r780oaxtiuofmwpgah1u7lsr.rcgu.o:(.text._ZN47_$LT$u32$u20$as$u20$core..iter..range..Step$GT$17forward_unchecked17h066b0a70f899adffE)
     65a      65a        0     1                 $t
     65b      65b       26     1                 _$LT$u32$u20$as$u20$core..iter..range..Step$GT$::forward_unchecked::h066b0a70f899adff
     680      680       2a     2         /home/slee/work/rot/aspeed/slee/for_push/aspeed-rust/target/thumbv7em-none-eabihf/debug/deps/aspeed_ddk-35bc4f8ee92eabc0.44mseg5y46x89q0r8oasllz8a.rcgu.o:(.text._ZN4core3num21_$LT$impl$u20$u32$GT$13unchecked_add18precondition_check17h6b2b61817b404888E)
     680      680        0     1                 $t
     681      681       2a     1                 core::num::_$LT$impl$u20$u32$GT$::unchecked_add::precondition_check::h6b2b61817b404888
     6aa      6aa       ba     2         /home/slee/work/rot/aspeed/slee/for_push/aspeed-rust/target/thumbv7em-none-eabihf/debug/deps/aspeed_ddk-35bc4f8ee92eabc0.6y49uvaiz9y682q91ltz2u2m6.rcgu.o:(.text._ZN11ast1060_pac11Peripherals5steal17hbbfa18c3bc84dacfE)
     6aa      6aa        0     1                 $t
     6ab      6ab       ba     1                 ast1060_pac::Peripherals::steal::hbbfa18c3bc84dacf
     764      764        a     2         /home/slee/work/rot/aspeed/slee/for_push/aspeed-rust/target/thumbv7em-none-eabihf/debug/deps/aspeed_ddk-35bc4f8ee92eabc0.706whj2dt2wu42exgc5trtf7a.rcgu.o:(.text._ZN8cortex_m3asm3nop17h3d2d7ebd84bd0e6cE)
     764      764        0     1                 $t
     765      765        a     1                 cortex_m::asm::nop::h3d2d7ebd84bd0e6c
     76e      76e        2     2         /home/slee/work/rot/aspeed/slee/for_push/aspeed-rust/target/thumbv7em-none-eabihf/debug/deps/aspeed_ddk-35bc4f8ee92eabc0.7rclx00tcfrsszxx8o7xrjun3.rcgu.o:(.text._ZN11ast1060_pac7generic20Periph$LT$RB$C$_$GT$5steal17h02709498c1d4314dE)
     76e      76e        0     1                 $t
     76f      76f        2     1                 ast1060_pac::generic::Periph$LT$RB$C$_$GT$::steal::h02709498c1d4314d
     770      770        2     2         /home/slee/work/rot/aspeed/slee/for_push/aspeed-rust/target/thumbv7em-none-eabihf/debug/deps/aspeed_ddk-35bc4f8ee92eabc0.7rclx00tcfrsszxx8o7xrjun3.rcgu.o:(.text._ZN11ast1060_pac7generic20Periph$LT$RB$C$_$GT$5steal17h02bffd66126d5514E)
     770      770        0     1                 $t
     771      771        2     1                 ast1060_pac::generic::Periph$LT$RB$C$_$GT$::steal::h02bffd66126d5514
     772      772        2     2         /home/slee/work/rot/aspeed/slee/for_push/aspeed-rust/target/thumbv7em-none-eabihf/debug/deps/aspeed_ddk-35bc4f8ee92eabc0.7rclx00tcfrsszxx8o7xrjun3.rcgu.o:(.text._ZN11ast1060_pac7generic20Periph$LT$RB$C$_$GT$5steal17h042fa2a8e6518149E)
     772      772        0     1                 $t
     773      773        2     1                 ast1060_pac::generic::Periph$LT$RB$C$_$GT$::steal::h042fa2a8e6518149
     774      774        2     2         /home/slee/work/rot/aspeed/slee/for_push/aspeed-rust/target/thumbv7em-none-eabihf/debug/deps/aspeed_ddk-35bc4f8ee92eabc0.7rclx00tcfrsszxx8o7xrjun3.rcgu.o:(.text._ZN11ast1060_pac7generic20Periph$LT$RB$C$_$GT$5steal17h0c51e14027eaee44E)
     774      774        0     1                 $t
     775      775        2     1                 ast1060_pac::generic::Periph$LT$RB$C$_$GT$::steal::h0c51e14027eaee44
     776      776        2     2         /home/slee/work/rot/aspeed/slee/for_push/aspeed-rust/target/thumbv7em-none-eabihf/debug/deps/aspeed_ddk-35bc4f8ee92eabc0.7rclx00tcfrsszxx8o7xrjun3.rcgu.o:(.text._ZN11ast1060_pac7generic20Periph$LT$RB$C$_$GT$5steal17h123384fef303ad79E)
     776      776        0     1                 $t
     777      777        2     1                 ast1060_pac::generic::Periph$LT$RB$C$_$GT$::steal::h123384fef303ad79
     778      778        2     2         /home/slee/work/rot/aspeed/slee/for_push/aspeed-rust/target/thumbv7em-none-eabihf/debug/deps/aspeed_ddk-35bc4f8ee92eabc0.7rclx00tcfrsszxx8o7xrjun3.rcgu.o:(.text._ZN11ast1060_pac7generic20Periph$LT$RB$C$_$GT$5steal17h1807a6d659c797e5E)
     778      778        0     1                 $t
     779      779        2     1                 ast1060_pac::generic::Periph$LT$RB$C$_$GT$::steal::h1807a6d659c797e5
     77a      77a        2     2         /home/slee/work/rot/aspeed/slee/for_push/aspeed-rust/target/thumbv7em-none-eabihf/debug/deps/aspeed_ddk-35bc4f8ee92eabc0.7rclx00tcfrsszxx8o7xrjun3.rcgu.o:(.text._ZN11ast1060_pac7generic20Periph$LT$RB$C$_$GT$5steal17h1f8b651952c0558dE)
     77a      77a        0     1                 $t
     77b      77b        2     1                 ast1060_pac::generic::Periph$LT$RB$C$_$GT$::steal::h1f8b651952c0558d
     77c      77c        2     2         /home/slee/work/rot/aspeed/slee/for_push/aspeed-rust/target/thumbv7em-none-eabihf/debug/deps/aspeed_ddk-35bc4f8ee92eabc0.7rclx00tcfrsszxx8o7xrjun3.rcgu.o:(.text._ZN11ast1060_pac7generic20Periph$LT$RB$C$_$GT$5steal17h236def57ce5ecf39E)
     77c      77c        0     1                 $t
     77d      77d        2     1                 ast1060_pac::generic::Periph$LT$RB$C$_$GT$::steal::h236def57ce5ecf39
     77e      77e        2     2         /home/slee/work/rot/aspeed/slee/for_push/aspeed-rust/target/thumbv7em-none-eabihf/debug/deps/aspeed_ddk-35bc4f8ee92eabc0.7rclx00tcfrsszxx8o7xrjun3.rcgu.o:(.text._ZN11ast1060_pac7generic20Periph$LT$RB$C$_$GT$5steal17h291ba420d094dde8E)
     77e      77e        0     1                 $t
     77f      77f        2     1                 ast1060_pac::generic::Periph$LT$RB$C$_$GT$::steal::h291ba420d094dde8
     780      780        2     2         /home/slee/work/rot/aspeed/slee/for_push/aspeed-rust/target/thumbv7em-none-eabihf/debug/deps/aspeed_ddk-35bc4f8ee92eabc0.7rclx00tcfrsszxx8o7xrjun3.rcgu.o:(.text._ZN11ast1060_pac7generic20Periph$LT$RB$C$_$GT$5steal17h3705fc2bfa97c98dE)
     780      780        0     1                 $t
     781      781        2     1                 ast1060_pac::generic::Periph$LT$RB$C$_$GT$::steal::h3705fc2bfa97c98d
     782      782        2     2         /home/slee/work/rot/aspeed/slee/for_push/aspeed-rust/target/thumbv7em-none-eabihf/debug/deps/aspeed_ddk-35bc4f8ee92eabc0.7rclx00tcfrsszxx8o7xrjun3.rcgu.o:(.text._ZN11ast1060_pac7generic20Periph$LT$RB$C$_$GT$5steal17h370c087efe0c13e9E)
     782      782        0     1                 $t
     783      783        2     1                 ast1060_pac::generic::Periph$LT$RB$C$_$GT$::steal::h370c087efe0c13e9
     784      784        2     2         /home/slee/work/rot/aspeed/slee/for_push/aspeed-rust/target/thumbv7em-none-eabihf/debug/deps/aspeed_ddk-35bc4f8ee92eabc0.7rclx00tcfrsszxx8o7xrjun3.rcgu.o:(.text._ZN11ast1060_pac7generic20Periph$LT$RB$C$_$GT$5steal17h3ad8c9b7e6b94d0bE)
     784      784        0     1                 $t
     785      785        2     1                 ast1060_pac::generic::Periph$LT$RB$C$_$GT$::steal::h3ad8c9b7e6b94d0b
     786      786        2     2         /home/slee/work/rot/aspeed/slee/for_push/aspeed-rust/target/thumbv7em-none-eabihf/debug/deps/aspeed_ddk-35bc4f8ee92eabc0.7rclx00tcfrsszxx8o7xrjun3.rcgu.o:(.text._ZN11ast1060_pac7generic20Periph$LT$RB$C$_$GT$5steal17h40f8cef944c8a13cE)
     786      786        0     1                 $t
     787      787        2     1                 ast1060_pac::generic::Periph$LT$RB$C$_$GT$::steal::h40f8cef944c8a13c
     788      788        2     2         /home/slee/work/rot/aspeed/slee/for_push/aspeed-rust/target/thumbv7em-none-eabihf/debug/deps/aspeed_ddk-35bc4f8ee92eabc0.7rclx00tcfrsszxx8o7xrjun3.rcgu.o:(.text._ZN11ast1060_pac7generic20Periph$LT$RB$C$_$GT$5steal17h4214bef5371ca2e0E)
     788      788        0     1                 $t
     789      789        2     1                 ast1060_pac::generic::Periph$LT$RB$C$_$GT$::steal::h4214bef5371ca2e0
     78a      78a        2     2         /home/slee/work/rot/aspeed/slee/for_push/aspeed-rust/target/thumbv7em-none-eabihf/debug/deps/aspeed_ddk-35bc4f8ee92eabc0.7rclx00tcfrsszxx8o7xrjun3.rcgu.o:(.text._ZN11ast1060_pac7generic20Periph$LT$RB$C$_$GT$5steal17h435ea31ce622efdcE)
     78a      78a        0     1                 $t
     78b      78b        2     1                 ast1060_pac::generic::Periph$LT$RB$C$_$GT$::steal::h435ea31ce622efdc
     78c      78c        2     2         /home/slee/work/rot/aspeed/slee/for_push/aspeed-rust/target/thumbv7em-none-eabihf/debug/deps/aspeed_ddk-35bc4f8ee92eabc0.7rclx00tcfrsszxx8o7xrjun3.rcgu.o:(.text._ZN11ast1060_pac7generic20Periph$LT$RB$C$_$GT$5steal17h46ad108696cecc43E)
     78c      78c        0     1                 $t
     78d      78d        2     1                 ast1060_pac::generic::Periph$LT$RB$C$_$GT$::steal::h46ad108696cecc43
     78e      78e        2     2         /home/slee/work/rot/aspeed/slee/for_push/aspeed-rust/target/thumbv7em-none-eabihf/debug/deps/aspeed_ddk-35bc4f8ee92eabc0.7rclx00tcfrsszxx8o7xrjun3.rcgu.o:(.text._ZN11ast1060_pac7generic20Periph$LT$RB$C$_$GT$5steal17h471d6ac58765f64dE)
     78e      78e        0     1                 $t
     78f      78f        2     1                 ast1060_pac::generic::Periph$LT$RB$C$_$GT$::steal::h471d6ac58765f64d
     790      790        2     2         /home/slee/work/rot/aspeed/slee/for_push/aspeed-rust/target/thumbv7em-none-eabihf/debug/deps/aspeed_ddk-35bc4f8ee92eabc0.7rclx00tcfrsszxx8o7xrjun3.rcgu.o:(.text._ZN11ast1060_pac7generic20Periph$LT$RB$C$_$GT$5steal17h551eb689c1c4111bE)
     790      790        0     1                 $t
     791      791        2     1                 ast1060_pac::generic::Periph$LT$RB$C$_$GT$::steal::h551eb689c1c4111b
     792      792        2     2         /home/slee/work/rot/aspeed/slee/for_push/aspeed-rust/target/thumbv7em-none-eabihf/debug/deps/aspeed_ddk-35bc4f8ee92eabc0.7rclx00tcfrsszxx8o7xrjun3.rcgu.o:(.text._ZN11ast1060_pac7generic20Periph$LT$RB$C$_$GT$5steal17h691eef02653c822cE)
     792      792        0     1                 $t
     793      793        2     1                 ast1060_pac::generic::Periph$LT$RB$C$_$GT$::steal::h691eef02653c822c
     794      794        2     2         /home/slee/work/rot/aspeed/slee/for_push/aspeed-rust/target/thumbv7em-none-eabihf/debug/deps/aspeed_ddk-35bc4f8ee92eabc0.7rclx00tcfrsszxx8o7xrjun3.rcgu.o:(.text._ZN11ast1060_pac7generic20Periph$LT$RB$C$_$GT$5steal17h6a32cd54948845e2E)
     794      794        0     1                 $t
     795      795        2     1                 ast1060_pac::generic::Periph$LT$RB$C$_$GT$::steal::h6a32cd54948845e2
     796      796        2     2         /home/slee/work/rot/aspeed/slee/for_push/aspeed-rust/target/thumbv7em-none-eabihf/debug/deps/aspeed_ddk-35bc4f8ee92eabc0.7rclx00tcfrsszxx8o7xrjun3.rcgu.o:(.text._ZN11ast1060_pac7generic20Periph$LT$RB$C$_$GT$5steal17h6ce8e45bd2e57b0cE)
     796      796        0     1                 $t
     797      797        2     1                 ast1060_pac::generic::Periph$LT$RB$C$_$GT$::steal::h6ce8e45bd2e57b0c
     798      798        2     2         /home/slee/work/rot/aspeed/slee/for_push/aspeed-rust/target/thumbv7em-none-eabihf/debug/deps/aspeed_ddk-35bc4f8ee92eabc0.7rclx00tcfrsszxx8o7xrjun3.rcgu.o:(.text._ZN11ast1060_pac7generic20Periph$LT$RB$C$_$GT$5steal17h6e678a3a36d6905dE)
     798      798        0     1                 $t
     799      799        2     1                 ast1060_pac::generic::Periph$LT$RB$C$_$GT$::steal::h6e678a3a36d6905d
     79a      79a        2     2         /home/slee/work/rot/aspeed/slee/for_push/aspeed-rust/target/thumbv7em-none-eabihf/debug/deps/aspeed_ddk-35bc4f8ee92eabc0.7rclx00tcfrsszxx8o7xrjun3.rcgu.o:(.text._ZN11ast1060_pac7generic20Periph$LT$RB$C$_$GT$5steal17h7473691b4c24b083E)
     79a      79a        0     1                 $t
     79b      79b        2     1                 ast1060_pac::generic::Periph$LT$RB$C$_$GT$::steal::h7473691b4c24b083
     79c      79c        2     2         /home/slee/work/rot/aspeed/slee/for_push/aspeed-rust/target/thumbv7em-none-eabihf/debug/deps/aspeed_ddk-35bc4f8ee92eabc0.7rclx00tcfrsszxx8o7xrjun3.rcgu.o:(.text._ZN11ast1060_pac7generic20Periph$LT$RB$C$_$GT$5steal17h7c9ed56891436466E)
     79c      79c        0     1                 $t
     79d      79d        2     1                 ast1060_pac::generic::Periph$LT$RB$C$_$GT$::steal::h7c9ed56891436466
     79e      79e        2     2         /home/slee/work/rot/aspeed/slee/for_push/aspeed-rust/target/thumbv7em-none-eabihf/debug/deps/aspeed_ddk-35bc4f8ee92eabc0.7rclx00tcfrsszxx8o7xrjun3.rcgu.o:(.text._ZN11ast1060_pac7generic20Periph$LT$RB$C$_$GT$5steal17h83029c4950004303E)
     79e      79e        0     1                 $t
     79f      79f        2     1                 ast1060_pac::generic::Periph$LT$RB$C$_$GT$::steal::h83029c4950004303
     7a0      7a0        2     2         /home/slee/work/rot/aspeed/slee/for_push/aspeed-rust/target/thumbv7em-none-eabihf/debug/deps/aspeed_ddk-35bc4f8ee92eabc0.7rclx00tcfrsszxx8o7xrjun3.rcgu.o:(.text._ZN11ast1060_pac7generic20Periph$LT$RB$C$_$GT$5steal17h860c09b99709f01cE)
     7a0      7a0        0     1                 $t
     7a1      7a1        2     1                 ast1060_pac::generic::Periph$LT$RB$C$_$GT$::steal::h860c09b99709f01c
     7a2      7a2        2     2         /home/slee/work/rot/aspeed/slee/for_push/aspeed-rust/target/thumbv7em-none-eabihf/debug/deps/aspeed_ddk-35bc4f8ee92eabc0.7rclx00tcfrsszxx8o7xrjun3.rcgu.o:(.text._ZN11ast1060_pac7generic20Periph$LT$RB$C$_$GT$5steal17h8dfbee9c169e0095E)
     7a2      7a2        0     1                 $t
     7a3      7a3        2     1                 ast1060_pac::generic::Periph$LT$RB$C$_$GT$::steal::h8dfbee9c169e0095
     7a4      7a4        2     2         /home/slee/work/rot/aspeed/slee/for_push/aspeed-rust/target/thumbv7em-none-eabihf/debug/deps/aspeed_ddk-35bc4f8ee92eabc0.7rclx00tcfrsszxx8o7xrjun3.rcgu.o:(.text._ZN11ast1060_pac7generic20Periph$LT$RB$C$_$GT$5steal17h96f361b51314228fE)
     7a4      7a4        0     1                 $t
     7a5      7a5        2     1                 ast1060_pac::generic::Periph$LT$RB$C$_$GT$::steal::h96f361b51314228f
     7a6      7a6        2     2         /home/slee/work/rot/aspeed/slee/for_push/aspeed-rust/target/thumbv7em-none-eabihf/debug/deps/aspeed_ddk-35bc4f8ee92eabc0.7rclx00tcfrsszxx8o7xrjun3.rcgu.o:(.text._ZN11ast1060_pac7generic20Periph$LT$RB$C$_$GT$5steal17ha0974767f7745463E)
     7a6      7a6        0     1                 $t
     7a7      7a7        2     1                 ast1060_pac::generic::Periph$LT$RB$C$_$GT$::steal::ha0974767f7745463
     7a8      7a8        2     2         /home/slee/work/rot/aspeed/slee/for_push/aspeed-rust/target/thumbv7em-none-eabihf/debug/deps/aspeed_ddk-35bc4f8ee92eabc0.7rclx00tcfrsszxx8o7xrjun3.rcgu.o:(.text._ZN11ast1060_pac7generic20Periph$LT$RB$C$_$GT$5steal17ha6fdb719f4527c13E)
     7a8      7a8        0     1                 $t
     7a9      7a9        2     1                 ast1060_pac::generic::Periph$LT$RB$C$_$GT$::steal::ha6fdb719f4527c13
     7aa      7aa        2     2         /home/slee/work/rot/aspeed/slee/for_push/aspeed-rust/target/thumbv7em-none-eabihf/debug/deps/aspeed_ddk-35bc4f8ee92eabc0.7rclx00tcfrsszxx8o7xrjun3.rcgu.o:(.text._ZN11ast1060_pac7generic20Periph$LT$RB$C$_$GT$5steal17hb54bac4ba40fdd80E)
     7aa      7aa        0     1                 $t
     7ab      7ab        2     1                 ast1060_pac::generic::Periph$LT$RB$C$_$GT$::steal::hb54bac4ba40fdd80
     7ac      7ac        2     2         /home/slee/work/rot/aspeed/slee/for_push/aspeed-rust/target/thumbv7em-none-eabihf/debug/deps/aspeed_ddk-35bc4f8ee92eabc0.7rclx00tcfrsszxx8o7xrjun3.rcgu.o:(.text._ZN11ast1060_pac7generic20Periph$LT$RB$C$_$GT$5steal17hb5b7816bbd1c392bE)
     7ac      7ac        0     1                 $t
     7ad      7ad        2     1                 ast1060_pac::generic::Periph$LT$RB$C$_$GT$::steal::hb5b7816bbd1c392b
     7ae      7ae        2     2         /home/slee/work/rot/aspeed/slee/for_push/aspeed-rust/target/thumbv7em-none-eabihf/debug/deps/aspeed_ddk-35bc4f8ee92eabc0.7rclx00tcfrsszxx8o7xrjun3.rcgu.o:(.text._ZN11ast1060_pac7generic20Periph$LT$RB$C$_$GT$5steal17hb5da673fb9424d86E)
     7ae      7ae        0     1                 $t
     7af      7af        2     1                 ast1060_pac::generic::Periph$LT$RB$C$_$GT$::steal::hb5da673fb9424d86
     7b0      7b0        2     2         /home/slee/work/rot/aspeed/slee/for_push/aspeed-rust/target/thumbv7em-none-eabihf/debug/deps/aspeed_ddk-35bc4f8ee92eabc0.7rclx00tcfrsszxx8o7xrjun3.rcgu.o:(.text._ZN11ast1060_pac7generic20Periph$LT$RB$C$_$GT$5steal17hb99383ca4c8fd347E)
     7b0      7b0        0     1                 $t
     7b1      7b1        2     1                 ast1060_pac::generic::Periph$LT$RB$C$_$GT$::steal::hb99383ca4c8fd347
     7b2      7b2        2     2         /home/slee/work/rot/aspeed/slee/for_push/aspeed-rust/target/thumbv7em-none-eabihf/debug/deps/aspeed_ddk-35bc4f8ee92eabc0.7rclx00tcfrsszxx8o7xrjun3.rcgu.o:(.text._ZN11ast1060_pac7generic20Periph$LT$RB$C$_$GT$5steal17hc2c8bd3cd4419518E)
     7b2      7b2        0     1                 $t
     7b3      7b3        2     1                 ast1060_pac::generic::Periph$LT$RB$C$_$GT$::steal::hc2c8bd3cd4419518
     7b4      7b4        2     2         /home/slee/work/rot/aspeed/slee/for_push/aspeed-rust/target/thumbv7em-none-eabihf/debug/deps/aspeed_ddk-35bc4f8ee92eabc0.7rclx00tcfrsszxx8o7xrjun3.rcgu.o:(.text._ZN11ast1060_pac7generic20Periph$LT$RB$C$_$GT$5steal17hc795cb357037b7e0E)
     7b4      7b4        0     1                 $t
     7b5      7b5        2     1                 ast1060_pac::generic::Periph$LT$RB$C$_$GT$::steal::hc795cb357037b7e0
     7b6      7b6        2     2         /home/slee/work/rot/aspeed/slee/for_push/aspeed-rust/target/thumbv7em-none-eabihf/debug/deps/aspeed_ddk-35bc4f8ee92eabc0.7rclx00tcfrsszxx8o7xrjun3.rcgu.o:(.text._ZN11ast1060_pac7generic20Periph$LT$RB$C$_$GT$5steal17hccc2de86f2d4163dE)
     7b6      7b6        0     1                 $t
     7b7      7b7        2     1                 ast1060_pac::generic::Periph$LT$RB$C$_$GT$::steal::hccc2de86f2d4163d
     7b8      7b8        2     2         /home/slee/work/rot/aspeed/slee/for_push/aspeed-rust/target/thumbv7em-none-eabihf/debug/deps/aspeed_ddk-35bc4f8ee92eabc0.7rclx00tcfrsszxx8o7xrjun3.rcgu.o:(.text._ZN11ast1060_pac7generic20Periph$LT$RB$C$_$GT$5steal17hcea60d4163390c81E)
     7b8      7b8        0     1                 $t
     7b9      7b9        2     1                 ast1060_pac::generic::Periph$LT$RB$C$_$GT$::steal::hcea60d4163390c81
     7ba      7ba        2     2         /home/slee/work/rot/aspeed/slee/for_push/aspeed-rust/target/thumbv7em-none-eabihf/debug/deps/aspeed_ddk-35bc4f8ee92eabc0.7rclx00tcfrsszxx8o7xrjun3.rcgu.o:(.text._ZN11ast1060_pac7generic20Periph$LT$RB$C$_$GT$5steal17hd484c5322202ca88E)
     7ba      7ba        0     1                 $t
     7bb      7bb        2     1                 ast1060_pac::generic::Periph$LT$RB$C$_$GT$::steal::hd484c5322202ca88
     7bc      7bc        2     2         /home/slee/work/rot/aspeed/slee/for_push/aspeed-rust/target/thumbv7em-none-eabihf/debug/deps/aspeed_ddk-35bc4f8ee92eabc0.7rclx00tcfrsszxx8o7xrjun3.rcgu.o:(.text._ZN11ast1060_pac7generic20Periph$LT$RB$C$_$GT$5steal17he1c530d68b68f8e8E)
     7bc      7bc        0     1                 $t
     7bd      7bd        2     1                 ast1060_pac::generic::Periph$LT$RB$C$_$GT$::steal::he1c530d68b68f8e8
     7be      7be        2     2         /home/slee/work/rot/aspeed/slee/for_push/aspeed-rust/target/thumbv7em-none-eabihf/debug/deps/aspeed_ddk-35bc4f8ee92eabc0.7rclx00tcfrsszxx8o7xrjun3.rcgu.o:(.text._ZN11ast1060_pac7generic20Periph$LT$RB$C$_$GT$5steal17hf853ea1bda0b2410E)
     7be      7be        0     1                 $t
     7bf      7bf        2     1                 ast1060_pac::generic::Periph$LT$RB$C$_$GT$::steal::hf853ea1bda0b2410
     7c0      7c0        2     2         /home/slee/work/rot/aspeed/slee/for_push/aspeed-rust/target/thumbv7em-none-eabihf/debug/deps/aspeed_ddk-35bc4f8ee92eabc0.7rclx00tcfrsszxx8o7xrjun3.rcgu.o:(.text._ZN11ast1060_pac7generic20Periph$LT$RB$C$_$GT$5steal17hfdad6ec75576f6b9E)
     7c0      7c0        0     1                 $t
     7c1      7c1        2     1                 ast1060_pac::generic::Periph$LT$RB$C$_$GT$::steal::hfdad6ec75576f6b9
     7c2      7c2        6     2         /home/slee/work/rot/aspeed/slee/for_push/aspeed-rust/target/thumbv7em-none-eabihf/debug/deps/aspeed_ddk-35bc4f8ee92eabc0.7rclx00tcfrsszxx8o7xrjun3.rcgu.o:(.text._ZN11ast1060_pac7generic8mask_u3217h00978f773dbb135cE)
     7c2      7c2        0     1                 $t
     7c3      7c3        6     1                 ast1060_pac::generic::mask_u32::h00978f773dbb135c
     7c8      7c8        6     2         /home/slee/work/rot/aspeed/slee/for_push/aspeed-rust/target/thumbv7em-none-eabihf/debug/deps/aspeed_ddk-35bc4f8ee92eabc0.7rclx00tcfrsszxx8o7xrjun3.rcgu.o:(.text._ZN11ast1060_pac7generic8mask_u3217hc41a86074e409f8aE)
     7c8      7c8        0     1                 $t
     7c9      7c9        6     1                 ast1060_pac::generic::mask_u32::hc41a86074e409f8a
     7ce      7ce        2     2         /home/slee/work/rot/aspeed/slee/for_push/aspeed-rust/target/thumbv7em-none-eabihf/debug/deps/aspeed_ddk-35bc4f8ee92eabc0.94voqeq3qlfne1ho7km4e472q.rcgu.o:(.text._ZN5fugit7helpers14greater_than_017h1781322948dcab1dE)
     7ce      7ce        0     1                 $t
     7cf      7cf        2     1                 fugit::helpers::greater_than_0::h1781322948dcab1d
     7d0      7d0        2     2         /home/slee/work/rot/aspeed/slee/for_push/aspeed-rust/target/thumbv7em-none-eabihf/debug/deps/aspeed_ddk-35bc4f8ee92eabc0.94voqeq3qlfne1ho7km4e472q.rcgu.o:(.text._ZN5fugit7helpers14greater_than_017hb054471247470f38E)
     7d0      7d0        0     1                 $t
     7d1      7d1        2     1                 fugit::helpers::greater_than_0::hb054471247470f38
     7d4      7d4       7c     4         /home/slee/work/rot/aspeed/slee/for_push/aspeed-rust/target/thumbv7em-none-eabihf/debug/deps/aspeed_ddk-35bc4f8ee92eabc0.995djf62xd0msbur9ztdg3x1s.rcgu.o:(.text._ZN69_$LT$aspeed_ddk..uart..Uart16550Error$u20$as$u20$core..fmt..Debug$GT$3fmt17h564d416b821b320eE)
     7d4      7d4        0     1                 $t
     7d5      7d5       7c     1                 _$LT$aspeed_ddk..uart..Uart16550Error$u20$as$u20$core..fmt..Debug$GT$::fmt::h564d416b821b320e
     7ea      7ea        0     1                 $d
     7f0      7f0        0     1                 $t
     850      850       2c     2         /home/slee/work/rot/aspeed/slee/for_push/aspeed-rust/target/thumbv7em-none-eabihf/debug/deps/aspeed_ddk-35bc4f8ee92eabc0.9qmmw6nz1wf7l5segd5ti30ff.rcgu.o:(.text._ZN4core3cmp3Ord3min17h1c580c29c1ba70b7E)
     850      850        0     1                 $t
     851      851       2c     1                 core::cmp::Ord::min::h1c580c29c1ba70b7
     87c      87c       12     2         /home/slee/work/rot/aspeed/slee/for_push/aspeed-rust/target/thumbv7em-none-eabihf/debug/deps/aspeed_ddk-35bc4f8ee92eabc0.9qmmw6nz1wf7l5segd5ti30ff.rcgu.o:(.text._ZN4core3cmp3min17hd172845e80ad1900E)
     87c      87c        0     1                 $t
     87d      87d       12     1                 core::cmp::min::hd172845e80ad1900
     88e      88e       10     2         /home/slee/work/rot/aspeed/slee/for_push/aspeed-rust/target/thumbv7em-none-eabihf/debug/deps/aspeed_ddk-35bc4f8ee92eabc0.bkgph1ixng6hy0mvfgleqhng8.rcgu.o:(.text._ZN10aspeed_ddk8watchdog24WdtController$LT$WDT$GT$3new17h177740956dc5432bE)
     88e      88e        0     1                 $t
     88f      88f       10     1                 aspeed_ddk::watchdog::WdtController$LT$WDT$GT$::new::h177740956dc5432b
     89e      89e       10     2         /home/slee/work/rot/aspeed/slee/for_push/aspeed-rust/target/thumbv7em-none-eabihf/debug/deps/aspeed_ddk-35bc4f8ee92eabc0.bkgph1ixng6hy0mvfgleqhng8.rcgu.o:(.text._ZN10aspeed_ddk8watchdog24WdtController$LT$WDT$GT$3new17h7cf69d2766ce30eeE)
     89e      89e        0     1                 $t
     89f      89f       10     1                 aspeed_ddk::watchdog::WdtController$LT$WDT$GT$::new::h7cf69d2766ce30ee
     8ae      8ae       46     2         /home/slee/work/rot/aspeed/slee/for_push/aspeed-rust/target/thumbv7em-none-eabihf/debug/deps/aspeed_ddk-35bc4f8ee92eabc0.bkgph1ixng6hy0mvfgleqhng8.rcgu.o:(.text._ZN10aspeed_ddk8watchdog24WdtController$LT$WDT$GT$4feed17h199a280c772f5d8cE)
     8ae      8ae        0     1                 $t
     8af      8af       46     1                 aspeed_ddk::watchdog::WdtController$LT$WDT$GT$::feed::h199a280c772f5d8c
     8f4      8f4       46     2         /home/slee/work/rot/aspeed/slee/for_push/aspeed-rust/target/thumbv7em-none-eabihf/debug/deps/aspeed_ddk-35bc4f8ee92eabc0.bkgph1ixng6hy0mvfgleqhng8.rcgu.o:(.text._ZN10aspeed_ddk8watchdog24WdtController$LT$WDT$GT$4feed17ha20b5f02242ad443E)
     8f4      8f4        0     1                 $t
     8f5      8f5       46     1                 aspeed_ddk::watchdog::WdtController$LT$WDT$GT$::feed::ha20b5f02242ad443
     93a      93a       6c     2         /home/slee/work/rot/aspeed/slee/for_push/aspeed-rust/target/thumbv7em-none-eabihf/debug/deps/aspeed_ddk-35bc4f8ee92eabc0.bkgph1ixng6hy0mvfgleqhng8.rcgu.o:(.text._ZN10aspeed_ddk8watchdog24WdtController$LT$WDT$GT$4feed28_$u7b$$u7b$closure$u7d$$u7d$17h86316cf6ab223469E)
     93a      93a        0     1                 $t
     93b      93b       6c     1                 aspeed_ddk::watchdog::WdtController$LT$WDT$GT$::feed::_$u7b$$u7b$closure$u7d$$u7d$::h86316cf6ab223469
     9a6      9a6       6c     2         /home/slee/work/rot/aspeed/slee/for_push/aspeed-rust/target/thumbv7em-none-eabihf/debug/deps/aspeed_ddk-35bc4f8ee92eabc0.bkgph1ixng6hy0mvfgleqhng8.rcgu.o:(.text._ZN10aspeed_ddk8watchdog24WdtController$LT$WDT$GT$4feed28_$u7b$$u7b$closure$u7d$$u7d$17h94d7d47e4ac78a49E)
     9a6      9a6        0     1                 $t
     9a7      9a7       6c     1                 aspeed_ddk::watchdog::WdtController$LT$WDT$GT$::feed::_$u7b$$u7b$closure$u7d$$u7d$::h94d7d47e4ac78a49
     a12      a12       46     2         /home/slee/work/rot/aspeed/slee/for_push/aspeed-rust/target/thumbv7em-none-eabihf/debug/deps/aspeed_ddk-35bc4f8ee92eabc0.bkgph1ixng6hy0mvfgleqhng8.rcgu.o:(.text._ZN10aspeed_ddk8watchdog24WdtController$LT$WDT$GT$4stop17ha626e556d1ee172cE)
     a12      a12        0     1                 $t
     a13      a13       46     1                 aspeed_ddk::watchdog::WdtController$LT$WDT$GT$::stop::ha626e556d1ee172c
     a58      a58       46     2         /home/slee/work/rot/aspeed/slee/for_push/aspeed-rust/target/thumbv7em-none-eabihf/debug/deps/aspeed_ddk-35bc4f8ee92eabc0.bkgph1ixng6hy0mvfgleqhng8.rcgu.o:(.text._ZN10aspeed_ddk8watchdog24WdtController$LT$WDT$GT$4stop17hb7a8574edb06c34bE)
     a58      a58        0     1                 $t
     a59      a59       46     1                 aspeed_ddk::watchdog::WdtController$LT$WDT$GT$::stop::hb7a8574edb06c34b
     a9e      a9e       3a     2         /home/slee/work/rot/aspeed/slee/for_push/aspeed-rust/target/thumbv7em-none-eabihf/debug/deps/aspeed_ddk-35bc4f8ee92eabc0.bkgph1ixng6hy0mvfgleqhng8.rcgu.o:(.text._ZN10aspeed_ddk8watchdog24WdtController$LT$WDT$GT$4stop28_$u7b$$u7b$closure$u7d$$u7d$17h06e97ea75ef6c657E)
     a9e      a9e        0     1                 $t
     a9f      a9f       3a     1                 aspeed_ddk::watchdog::WdtController$LT$WDT$GT$::stop::_$u7b$$u7b$closure$u7d$$u7d$::h06e97ea75ef6c657
     ad8      ad8       3a     2         /home/slee/work/rot/aspeed/slee/for_push/aspeed-rust/target/thumbv7em-none-eabihf/debug/deps/aspeed_ddk-35bc4f8ee92eabc0.bkgph1ixng6hy0mvfgleqhng8.rcgu.o:(.text._ZN10aspeed_ddk8watchdog24WdtController$LT$WDT$GT$4stop28_$u7b$$u7b$closure$u7d$$u7d$17he1d7683715f2ee68E)
     ad8      ad8        0     1                 $t
     ad9      ad9       3a     1                 aspeed_ddk::watchdog::WdtController$LT$WDT$GT$::stop::_$u7b$$u7b$closure$u7d$$u7d$::he1d7683715f2ee68
     b12      b12       de     2         /home/slee/work/rot/aspeed/slee/for_push/aspeed-rust/target/thumbv7em-none-eabihf/debug/deps/aspeed_ddk-35bc4f8ee92eabc0.bkgph1ixng6hy0mvfgleqhng8.rcgu.o:(.text._ZN10aspeed_ddk8watchdog24WdtController$LT$WDT$GT$5setup17h3c91e8b7a5f40392E)
     b12      b12        0     1                 $t
     b13      b13       de     1                 aspeed_ddk::watchdog::WdtController$LT$WDT$GT$::setup::h3c91e8b7a5f40392
     bf0      bf0       de     2         /home/slee/work/rot/aspeed/slee/for_push/aspeed-rust/target/thumbv7em-none-eabihf/debug/deps/aspeed_ddk-35bc4f8ee92eabc0.bkgph1ixng6hy0mvfgleqhng8.rcgu.o:(.text._ZN10aspeed_ddk8watchdog24WdtController$LT$WDT$GT$5setup17h5f46607db3975dc9E)
     bf0      bf0        0     1                 $t
     bf1      bf1       de     1                 aspeed_ddk::watchdog::WdtController$LT$WDT$GT$::setup::h5f46607db3975dc9
     cce      cce       6c     2         /home/slee/work/rot/aspeed/slee/for_push/aspeed-rust/target/thumbv7em-none-eabihf/debug/deps/aspeed_ddk-35bc4f8ee92eabc0.bkgph1ixng6hy0mvfgleqhng8.rcgu.o:(.text._ZN10aspeed_ddk8watchdog24WdtController$LT$WDT$GT$5setup28_$u7b$$u7b$closure$u7d$$u7d$17h0399dc3f649272c4E)
     cce      cce        0     1                 $t
     ccf      ccf       6c     1                 aspeed_ddk::watchdog::WdtController$LT$WDT$GT$::setup::_$u7b$$u7b$closure$u7d$$u7d$::h0399dc3f649272c4
     d3a      d3a       6c     2         /home/slee/work/rot/aspeed/slee/for_push/aspeed-rust/target/thumbv7em-none-eabihf/debug/deps/aspeed_ddk-35bc4f8ee92eabc0.bkgph1ixng6hy0mvfgleqhng8.rcgu.o:(.text._ZN10aspeed_ddk8watchdog24WdtController$LT$WDT$GT$5setup28_$u7b$$u7b$closure$u7d$$u7d$17h1745933ccebde34bE)
     d3a      d3a        0     1                 $t
     d3b      d3b       6c     1                 aspeed_ddk::watchdog::WdtController$LT$WDT$GT$::setup::_$u7b$$u7b$closure$u7d$$u7d$::h1745933ccebde34b
     da6      da6       9c     2         /home/slee/work/rot/aspeed/slee/for_push/aspeed-rust/target/thumbv7em-none-eabihf/debug/deps/aspeed_ddk-35bc4f8ee92eabc0.bkgph1ixng6hy0mvfgleqhng8.rcgu.o:(.text._ZN10aspeed_ddk8watchdog24WdtController$LT$WDT$GT$5setup28_$u7b$$u7b$closure$u7d$$u7d$17h428023c04ca09b3eE)
     da6      da6        0     1                 $t
     da7      da7       9c     1                 aspeed_ddk::watchdog::WdtController$LT$WDT$GT$::setup::_$u7b$$u7b$closure$u7d$$u7d$::h428023c04ca09b3e
     e42      e42       9c     2         /home/slee/work/rot/aspeed/slee/for_push/aspeed-rust/target/thumbv7em-none-eabihf/debug/deps/aspeed_ddk-35bc4f8ee92eabc0.bkgph1ixng6hy0mvfgleqhng8.rcgu.o:(.text._ZN10aspeed_ddk8watchdog24WdtController$LT$WDT$GT$5setup28_$u7b$$u7b$closure$u7d$$u7d$17h557853bdacd34263E)
     e42      e42        0     1                 $t
     e43      e43       9c     1                 aspeed_ddk::watchdog::WdtController$LT$WDT$GT$::setup::_$u7b$$u7b$closure$u7d$$u7d$::h557853bdacd34263
     ede      ede       8a     2         /home/slee/work/rot/aspeed/slee/for_push/aspeed-rust/target/thumbv7em-none-eabihf/debug/deps/aspeed_ddk-35bc4f8ee92eabc0.bkgph1ixng6hy0mvfgleqhng8.rcgu.o:(.text._ZN10aspeed_ddk8watchdog24WdtController$LT$WDT$GT$5start17h32d725db84e341d8E)
     ede      ede        0     1                 $t
     edf      edf       8a     1                 aspeed_ddk::watchdog::WdtController$LT$WDT$GT$::start::h32d725db84e341d8
     f68      f68       8a     2         /home/slee/work/rot/aspeed/slee/for_push/aspeed-rust/target/thumbv7em-none-eabihf/debug/deps/aspeed_ddk-35bc4f8ee92eabc0.bkgph1ixng6hy0mvfgleqhng8.rcgu.o:(.text._ZN10aspeed_ddk8watchdog24WdtController$LT$WDT$GT$5start17h40a3e246d8c16900E)
     f68      f68        0     1                 $t
     f69      f69       8a     1                 aspeed_ddk::watchdog::WdtController$LT$WDT$GT$::start::h40a3e246d8c16900
     ff2      ff2       60     2         /home/slee/work/rot/aspeed/slee/for_push/aspeed-rust/target/thumbv7em-none-eabihf/debug/deps/aspeed_ddk-35bc4f8ee92eabc0.bkgph1ixng6hy0mvfgleqhng8.rcgu.o:(.text._ZN10aspeed_ddk8watchdog24WdtController$LT$WDT$GT$5start28_$u7b$$u7b$closure$u7d$$u7d$17h700b2f8e71ddc278E)
     ff2      ff2        0     1                 $t
     ff3      ff3       60     1                 aspeed_ddk::watchdog::WdtController$LT$WDT$GT$::start::_$u7b$$u7b$closure$u7d$$u7d$::h700b2f8e71ddc278
    1052     1052       36     2         /home/slee/work/rot/aspeed/slee/for_push/aspeed-rust/target/thumbv7em-none-eabihf/debug/deps/aspeed_ddk-35bc4f8ee92eabc0.bkgph1ixng6hy0mvfgleqhng8.rcgu.o:(.text._ZN10aspeed_ddk8watchdog24WdtController$LT$WDT$GT$5start28_$u7b$$u7b$closure$u7d$$u7d$17ha733cf53c8662a15E)
    1052     1052        0     1                 $t
    1053     1053       36     1                 aspeed_ddk::watchdog::WdtController$LT$WDT$GT$::start::_$u7b$$u7b$closure$u7d$$u7d$::ha733cf53c8662a15
    1088     1088       36     2         /home/slee/work/rot/aspeed/slee/for_push/aspeed-rust/target/thumbv7em-none-eabihf/debug/deps/aspeed_ddk-35bc4f8ee92eabc0.bkgph1ixng6hy0mvfgleqhng8.rcgu.o:(.text._ZN10aspeed_ddk8watchdog24WdtController$LT$WDT$GT$5start28_$u7b$$u7b$closure$u7d$$u7d$17hbd2f440fa9ce3b85E)
    1088     1088        0     1                 $t
    1089     1089       36     1                 aspeed_ddk::watchdog::WdtController$LT$WDT$GT$::start::_$u7b$$u7b$closure$u7d$$u7d$::hbd2f440fa9ce3b85
    10be     10be       60     2         /home/slee/work/rot/aspeed/slee/for_push/aspeed-rust/target/thumbv7em-none-eabihf/debug/deps/aspeed_ddk-35bc4f8ee92eabc0.bkgph1ixng6hy0mvfgleqhng8.rcgu.o:(.text._ZN10aspeed_ddk8watchdog24WdtController$LT$WDT$GT$5start28_$u7b$$u7b$closure$u7d$$u7d$17he5e086efc08baf5fE)
    10be     10be        0     1                 $t
    10bf     10bf       60     1                 aspeed_ddk::watchdog::WdtController$LT$WDT$GT$::start::_$u7b$$u7b$closure$u7d$$u7d$::he5e086efc08baf5f
    111e     111e        a     2         /home/slee/work/rot/aspeed/slee/for_push/aspeed-rust/target/thumbv7em-none-eabihf/debug/deps/aspeed_ddk-35bc4f8ee92eabc0.c0u7de16a7e17zjfnnr3jvcmu.rcgu.o:(.text._ZN43_$LT$u32$u20$as$u20$core..ops..bit..Not$GT$3not17h7249e46f525b0fcaE)
    111e     111e        0     1                 $t
    111f     111f        a     1                 _$LT$u32$u20$as$u20$core..ops..bit..Not$GT$::not::h7249e46f525b0fca
    1128     1128        c     2         /home/slee/work/rot/aspeed/slee/for_push/aspeed-rust/target/thumbv7em-none-eabihf/debug/deps/aspeed_ddk-35bc4f8ee92eabc0.c0u7de16a7e17zjfnnr3jvcmu.rcgu.o:(.text._ZN45_$LT$u32$u20$as$u20$core..ops..bit..BitOr$GT$5bitor17h8b973aa171d2d929E)
    1128     1128        0     1                 $t
    1129     1129        c     1                 _$LT$u32$u20$as$u20$core..ops..bit..BitOr$GT$::bitor::h8b973aa171d2d929
    1134     1134        c     2         /home/slee/work/rot/aspeed/slee/for_push/aspeed-rust/target/thumbv7em-none-eabihf/debug/deps/aspeed_ddk-35bc4f8ee92eabc0.c0u7de16a7e17zjfnnr3jvcmu.rcgu.o:(.text._ZN46_$LT$u32$u20$as$u20$core..ops..bit..BitAnd$GT$6bitand17h4e4ffec3fc0b5df8E)
    1134     1134        0     1                 $t
    1135     1135        c     1                 _$LT$u32$u20$as$u20$core..ops..bit..BitAnd$GT$::bitand::h4e4ffec3fc0b5df8
    1140     1140       14     2         /home/slee/work/rot/aspeed/slee/for_push/aspeed-rust/target/thumbv7em-none-eabihf/debug/deps/aspeed_ddk-35bc4f8ee92eabc0.c0u7de16a7e17zjfnnr3jvcmu.rcgu.o:(.text._ZN51_$LT$u32$u20$as$u20$core..ops..bit..BitOrAssign$GT$12bitor_assign17h8c55584592863662E)
    1140     1140        0     1                 $t
    1141     1141       14     1                 _$LT$u32$u20$as$u20$core..ops..bit..BitOrAssign$GT$::bitor_assign::h8c55584592863662
    1154     1154       14     2         /home/slee/work/rot/aspeed/slee/for_push/aspeed-rust/target/thumbv7em-none-eabihf/debug/deps/aspeed_ddk-35bc4f8ee92eabc0.c0u7de16a7e17zjfnnr3jvcmu.rcgu.o:(.text._ZN52_$LT$u32$u20$as$u20$core..ops..bit..BitAndAssign$GT$13bitand_assign17he5eeba9dfa1456d5E)
    1154     1154        0     1                 $t
    1155     1155       14     1                 _$LT$u32$u20$as$u20$core..ops..bit..BitAndAssign$GT$::bitand_assign::he5eeba9dfa1456d5
    1168     1168       36     2         /home/slee/work/rot/aspeed/slee/for_push/aspeed-rust/target/thumbv7em-none-eabihf/debug/deps/aspeed_ddk-35bc4f8ee92eabc0.c0u7de16a7e17zjfnnr3jvcmu.rcgu.o:(.text._ZN53_$LT$u32$u20$as$u20$core..ops..bit..Shl$LT$u8$GT$$GT$3shl17h1f16dfa03fd709bbE)
    1168     1168        0     1                 $t
    1169     1169       36     1                 _$LT$u32$u20$as$u20$core..ops..bit..Shl$LT$u8$GT$$GT$::shl::h1f16dfa03fd709bb
    119e     119e       8c     2         /home/slee/work/rot/aspeed/slee/for_push/aspeed-rust/target/thumbv7em-none-eabihf/debug/deps/aspeed_ddk-35bc4f8ee92eabc0.dsneex2p12x77tbbgiv4f39el.rcgu.o:(.text._ZN12embedded_hal5delay7DelayNs8delay_ms17h1f334e75b80400a2E)
    119e     119e        0     1                 $t
    119f     119f       8c     1                 embedded_hal::delay::DelayNs::delay_ms::h1f334e75b80400a2
    122a     122a       98     2         /home/slee/work/rot/aspeed/slee/for_push/aspeed-rust/target/thumbv7em-none-eabihf/debug/deps/aspeed_ddk-35bc4f8ee92eabc0.dsneex2p12x77tbbgiv4f39el.rcgu.o:(.text._ZN12embedded_hal5delay7DelayNs8delay_us17hb08c5890348de9f1E)
    122a     122a        0     1                 $t
    122b     122b       98     1                 embedded_hal::delay::DelayNs::delay_us::hb08c5890348de9f1
    12c2     12c2       30     2         /home/slee/work/rot/aspeed/slee/for_push/aspeed-rust/target/thumbv7em-none-eabihf/debug/deps/aspeed_ddk-35bc4f8ee92eabc0.ea7rud5cq33valfinlhtjb79s.rcgu.o:(.text._ZN71_$LT$aspeed_ddk..DummyDelay$u20$as$u20$embedded_hal..delay..DelayNs$GT$8delay_ns17h10b2a4600ca644acE)
    12c2     12c2        0     1                 $t
    12c3     12c3       30     1                 _$LT$aspeed_ddk..DummyDelay$u20$as$u20$embedded_hal..delay..DelayNs$GT$::delay_ns::h10b2a4600ca644ac
    12f2     12f2      16e     2         /home/slee/work/rot/aspeed/slee/for_push/aspeed-rust/target/thumbv7em-none-eabihf/debug/deps/aspeed_ddk-35bc4f8ee92eabc0.ea7rud5cq33valfinlhtjb79s.rcgu.o:(.text._ZN10aspeed_ddk8test_wdt17he5e535b09a244ac3E)
    12f2     12f2        0     1                 $t
    12f3     12f3      16e     1                 aspeed_ddk::test_wdt::he5e535b09a244ac3
    1460     1460       84     2         /home/slee/work/rot/aspeed/slee/for_push/aspeed-rust/target/thumbv7em-none-eabihf/debug/deps/aspeed_ddk-35bc4f8ee92eabc0.ea7rud5cq33valfinlhtjb79s.rcgu.o:(.text.__pre_init)
    1460     1460        0     1                 $t
    1461     1461       84     1                 __pre_init
    14e4     14e4        2     2         /home/slee/work/rot/aspeed/slee/for_push/aspeed-rust/target/thumbv7em-none-eabihf/debug/deps/aspeed_ddk-35bc4f8ee92eabc0.ea7rud5cq33valfinlhtjb79s.rcgu.o:(.text._ZN65_$LT$aspeed_ddk..DummyDelay$u20$as$u20$core..default..Default$GT$7default17hb7bead64c7657de0E)
    14e4     14e4        0     1                 $t
    14e5     14e5        2     1                 _$LT$aspeed_ddk..DummyDelay$u20$as$u20$core..default..Default$GT$::default::hb7bead64c7657de0
    14e6     14e6        8     2         /home/slee/work/rot/aspeed/slee/for_push/aspeed-rust/target/thumbv7em-none-eabihf/debug/deps/aspeed_ddk-35bc4f8ee92eabc0.ea7rud5cq33valfinlhtjb79s.rcgu.o:(.text.main)
    14e6     14e6        0     1                 $t
    14e7     14e7        8     1                 main
    14ee     14ee       e0     2         /home/slee/work/rot/aspeed/slee/for_push/aspeed-rust/target/thumbv7em-none-eabihf/debug/deps/aspeed_ddk-35bc4f8ee92eabc0.ea7rud5cq33valfinlhtjb79s.rcgu.o:(.text._ZN10aspeed_ddk18__cortex_m_rt_main17h1caa647cba7525a2E)
    14ee     14ee        0     1                 $t
    14ef     14ef       e0     1                 aspeed_ddk::__cortex_m_rt_main::h1caa647cba7525a2
    15ce     15ce       76     2         /home/slee/work/rot/aspeed/slee/for_push/aspeed-rust/target/thumbv7em-none-eabihf/debug/deps/libcortex_m_rt-233497c59cb9212a.rlib(cortex_m_rt-233497c59cb9212a.cortex_m_rt.9d372c7205fe0a0b-cgu.0.rcgu.o):(.text._ZN2r08zero_bss17hac075717c95cc1e4E)
    15ce     15ce        0     1                 $t
    15cf     15cf       76     1                 r0::zero_bss::hac075717c95cc1e4
    1644     1644       62     2         /home/slee/work/rot/aspeed/slee/for_push/aspeed-rust/target/thumbv7em-none-eabihf/debug/deps/libcortex_m_rt-233497c59cb9212a.rlib(cortex_m_rt-233497c59cb9212a.cortex_m_rt.9d372c7205fe0a0b-cgu.0.rcgu.o):(.text._ZN2r09init_data17h8fdcf7cd7f846550E)
    1644     1644        0     1                 $t
    1645     1645       62     1                 r0::init_data::h8fdcf7cd7f846550
    16a6     16a6       ba     2         /home/slee/work/rot/aspeed/slee/for_push/aspeed-rust/target/thumbv7em-none-eabihf/debug/deps/libcortex_m_rt-233497c59cb9212a.rlib(cortex_m_rt-233497c59cb9212a.cortex_m_rt.9d372c7205fe0a0b-cgu.0.rcgu.o):(.text._ZN4core10intrinsics11write_bytes18precondition_check17h2c66082613687c3bE)
    16a6     16a6        0     1                 $t
    16a7     16a7       ba     1                 core::intrinsics::write_bytes::precondition_check::h2c66082613687c3b
    1760     1760       26     2         /home/slee/work/rot/aspeed/slee/for_push/aspeed-rust/target/thumbv7em-none-eabihf/debug/deps/libcortex_m_rt-233497c59cb9212a.rlib(cortex_m_rt-233497c59cb9212a.cortex_m_rt.9d372c7205fe0a0b-cgu.0.rcgu.o):(.text._ZN4core3ptr14write_volatile17h757c2a06b97fc6a6E)
    1760     1760        0     1                 $t
    1761     1761       26     1                 core::ptr::write_volatile::h757c2a06b97fc6a6
    1786     1786       bc     2         /home/slee/work/rot/aspeed/slee/for_push/aspeed-rust/target/thumbv7em-none-eabihf/debug/deps/libcortex_m_rt-233497c59cb9212a.rlib(cortex_m_rt-233497c59cb9212a.cortex_m_rt.9d372c7205fe0a0b-cgu.0.rcgu.o):(.text._ZN4core3ptr14write_volatile18precondition_check17h3cb709c7b0882110E)
    1786     1786        0     1                 $t
    1787     1787       bc     1                 core::ptr::write_volatile::precondition_check::h3cb709c7b0882110
    1842     1842        a     2         /home/slee/work/rot/aspeed/slee/for_push/aspeed-rust/target/thumbv7em-none-eabihf/debug/deps/libcortex_m_rt-233497c59cb9212a.rlib(cortex_m_rt-233497c59cb9212a.cortex_m_rt.9d372c7205fe0a0b-cgu.0.rcgu.o):(.text._ZN4core3ptr4read17hc12d2eb6d36d535fE)
    1842     1842        0     1                 $t
    1843     1843        a     1                 core::ptr::read::hc12d2eb6d36d535f
    184c     184c        c     2         /home/slee/work/rot/aspeed/slee/for_push/aspeed-rust/target/thumbv7em-none-eabihf/debug/deps/libcortex_m_rt-233497c59cb9212a.rlib(cortex_m_rt-233497c59cb9212a.cortex_m_rt.9d372c7205fe0a0b-cgu.0.rcgu.o):(.text._ZN4core3ptr5write17h0255c3a1f972d47cE)
    184c     184c        0     1                 $t
    184d     184d        c     1                 core::ptr::write::h0255c3a1f972d47c
    1858     1858       6a     2         /home/slee/work/rot/aspeed/slee/for_push/aspeed-rust/target/thumbv7em-none-eabihf/debug/deps/libcortex_m_rt-233497c59cb9212a.rlib(cortex_m_rt-233497c59cb9212a.cortex_m_rt.9d372c7205fe0a0b-cgu.0.rcgu.o):(.text._ZN4core3ptr7mut_ptr31_$LT$impl$u20$$BP$mut$u20$T$GT$6offset18precondition_check17h34dc03479fb13c26E)
    1858     1858        0     1                 $t
    1859     1859       6a     1                 core::ptr::mut_ptr::_$LT$impl$u20$$BP$mut$u20$T$GT$::offset::precondition_check::h34dc03479fb13c26
    18c2     18c2       6a     2         /home/slee/work/rot/aspeed/slee/for_push/aspeed-rust/target/thumbv7em-none-eabihf/debug/deps/libcortex_m_rt-233497c59cb9212a.rlib(cortex_m_rt-233497c59cb9212a.cortex_m_rt.9d372c7205fe0a0b-cgu.0.rcgu.o):(.text._ZN4core3ptr9const_ptr33_$LT$impl$u20$$BP$const$u20$T$GT$6offset18precondition_check17ha32a7d12c6d9a352E)
    18c2     18c2        0     1                 $t
    18c3     18c3       6a     1                 core::ptr::const_ptr::_$LT$impl$u20$$BP$const$u20$T$GT$::offset::precondition_check::ha32a7d12c6d9a352
    192c     192c       68     4         /home/slee/work/rot/aspeed/slee/for_push/aspeed-rust/target/thumbv7em-none-eabihf/debug/deps/libcortex_m_rt-233497c59cb9212a.rlib(cortex_m_rt-233497c59cb9212a.cortex_m_rt.9d372c7205fe0a0b-cgu.0.rcgu.o):(.text._ZN4core4sync6atomic14compiler_fence17hde717e6771c47616E)
    192c     192c        0     1                 $t
    192d     192d       68     1                 core::sync::atomic::compiler_fence::hde717e6771c47616
    194c     194c        0     1                 $d
    1952     1952        0     1                 $t
    1994     1994        8     2         /home/slee/work/rot/aspeed/slee/for_push/aspeed-rust/target/thumbv7em-none-eabihf/debug/deps/libcortex_m_rt-233497c59cb9212a.rlib(cortex_m_rt-233497c59cb9212a.cortex_m_rt.9d372c7205fe0a0b-cgu.0.rcgu.o):(.text.ResetTrampoline)
    1994     1994        0     1                 $t
    1995     1995        8     1                 ResetTrampoline
    199c     199c       18     2         /home/slee/work/rot/aspeed/slee/for_push/aspeed-rust/target/thumbv7em-none-eabihf/debug/deps/libcortex_m_rt-233497c59cb9212a.rlib(cortex_m_rt-233497c59cb9212a.cortex_m_rt.9d372c7205fe0a0b-cgu.0.rcgu.o):(.text.DefaultHandler_)
    199c     199c        0     1                 $t
    199d     199d       18     1                 DefaultHandler_
    19b4     19b4        2     2         /home/slee/work/rot/aspeed/slee/for_push/aspeed-rust/target/thumbv7em-none-eabihf/debug/deps/libcortex_m_rt-233497c59cb9212a.rlib(cortex_m_rt-233497c59cb9212a.cortex_m_rt.9d372c7205fe0a0b-cgu.0.rcgu.o):(.text.DefaultPreInit)
    19b4     19b4        0     1                 $t
    19b5     19b5        2     1                 DefaultPreInit
    19b6     19b6        8     2         /home/slee/work/rot/aspeed/slee/for_push/aspeed-rust/target/thumbv7em-none-eabihf/debug/deps/libpanic_halt-7818d47dfa1c25b8.rlib(panic_halt-7818d47dfa1c25b8.panic_halt.bca939c02576a6a1-cgu.0.rcgu.o):(.text.rust_begin_unwind)
    19b6     19b6        0     1                 $t
    19b7     19b7        8     1                 rust_begin_unwind
    19c0     19c0       3c     4         /home/slee/work/rot/aspeed/slee/for_push/aspeed-rust/target/thumbv7em-none-eabihf/debug/deps/libaspeed_ddk-b5c71a3d31eda179.rlib(aspeed_ddk-b5c71a3d31eda179.3aiffx0z8s0ulzty9ysui3qnf.rcgu.o):(.text._ZN10aspeed_ddk4hash8HashAlgo11digest_size17h11a7c0bdc7798d80E)
    19c0     19c0        0     1                 $t
    19c1     19c1       3c     1                 aspeed_ddk::hash::HashAlgo::digest_size::h11a7c0bdc7798d80
    19ce     19ce        0     1                 $d
    19d6     19d6        0     1                 $t
    19fc     19fc       22     2         /home/slee/work/rot/aspeed/slee/for_push/aspeed-rust/target/thumbv7em-none-eabihf/debug/deps/libaspeed_ddk-b5c71a3d31eda179.rlib(aspeed_ddk-b5c71a3d31eda179.3aiffx0z8s0ulzty9ysui3qnf.rcgu.o):(.text._ZN10aspeed_ddk4hash8HashAlgo10block_size17hc546ff2f322f31ccE)
    19fc     19fc        0     1                 $t
    19fd     19fd       22     1                 aspeed_ddk::hash::HashAlgo::block_size::hc546ff2f322f31cc
    1a20     1a20       4e     4         /home/slee/work/rot/aspeed/slee/for_push/aspeed-rust/target/thumbv7em-none-eabihf/debug/deps/libaspeed_ddk-b5c71a3d31eda179.rlib(aspeed_ddk-b5c71a3d31eda179.3aiffx0z8s0ulzty9ysui3qnf.rcgu.o):(.text._ZN10aspeed_ddk4hash8HashAlgo7bitmask17h61948460137572a1E)
    1a20     1a20        0     1                 $t
    1a21     1a21       4e     1                 aspeed_ddk::hash::HashAlgo::bitmask::h61948460137572a1
    1a2e     1a2e        0     1                 $d
    1a36     1a36        0     1                 $t
    1a70     1a70       90     4         /home/slee/work/rot/aspeed/slee/for_push/aspeed-rust/target/thumbv7em-none-eabihf/debug/deps/libaspeed_ddk-b5c71a3d31eda179.rlib(aspeed_ddk-b5c71a3d31eda179.3aiffx0z8s0ulzty9ysui3qnf.rcgu.o):(.text._ZN10aspeed_ddk4hash8HashAlgo2iv17h5c336064a3ab7d08E)
    1a70     1a70        0     1                 $t
    1a71     1a71       90     1                 aspeed_ddk::hash::HashAlgo::iv::h5c336064a3ab7d08
    1a7e     1a7e        0     1                 $d
    1a86     1a86        0     1                 $t
    1b00     1b00       1a     2         /home/slee/work/rot/aspeed/slee/for_push/aspeed-rust/target/thumbv7em-none-eabihf/debug/deps/libaspeed_ddk-b5c71a3d31eda179.rlib(aspeed_ddk-b5c71a3d31eda179.3aiffx0z8s0ulzty9ysui3qnf.rcgu.o):(.text._ZN10aspeed_ddk4hash8HashAlgo8hash_cmd17hed88a2357e75b2f2E)
    1b00     1b00        0     1                 $t
    1b01     1b01       1a     1                 aspeed_ddk::hash::HashAlgo::hash_cmd::hed88a2357e75b2f2
    1b1a     1b1a       22     2         /home/slee/work/rot/aspeed/slee/for_push/aspeed-rust/target/thumbv7em-none-eabihf/debug/deps/libaspeed_ddk-b5c71a3d31eda179.rlib(aspeed_ddk-b5c71a3d31eda179.3aiffx0z8s0ulzty9ysui3qnf.rcgu.o):(.text._ZN69_$LT$aspeed_ddk..hash..Digest48$u20$as$u20$core..default..Default$GT$7default17h20b561f2b1b8b71eE)
    1b1a     1b1a        0     1                 $t
    1b1b     1b1b       22     1                 _$LT$aspeed_ddk..hash..Digest48$u20$as$u20$core..default..Default$GT$::default::h20b561f2b1b8b71e
    1b3c     1b3c        a     2         /home/slee/work/rot/aspeed/slee/for_push/aspeed-rust/target/thumbv7em-none-eabihf/debug/deps/libaspeed_ddk-b5c71a3d31eda179.rlib(aspeed_ddk-b5c71a3d31eda179.3aiffx0z8s0ulzty9ysui3qnf.rcgu.o):(.text._ZN87_$LT$aspeed_ddk..hash..Digest48$u20$as$u20$core..convert..AsRef$LT$$u5b$u8$u5d$$GT$$GT$6as_ref17h1f0245dffd5f075dE)
    1b3c     1b3c        0     1                 $t
    1b3d     1b3d        a     1                 _$LT$aspeed_ddk..hash..Digest48$u20$as$u20$core..convert..AsRef$LT$$u5b$u8$u5d$$GT$$GT$::as_ref::h1f0245dffd5f075d
    1b46     1b46        a     2         /home/slee/work/rot/aspeed/slee/for_push/aspeed-rust/target/thumbv7em-none-eabihf/debug/deps/libaspeed_ddk-b5c71a3d31eda179.rlib(aspeed_ddk-b5c71a3d31eda179.3aiffx0z8s0ulzty9ysui3qnf.rcgu.o):(.text._ZN87_$LT$aspeed_ddk..hash..Digest48$u20$as$u20$core..convert..AsMut$LT$$u5b$u8$u5d$$GT$$GT$6as_mut17ha9c427eceab6aaf1E)
    1b46     1b46        0     1                 $t
    1b47     1b47        a     1                 _$LT$aspeed_ddk..hash..Digest48$u20$as$u20$core..convert..AsMut$LT$$u5b$u8$u5d$$GT$$GT$::as_mut::ha9c427eceab6aaf1
    1b50     1b50       22     2         /home/slee/work/rot/aspeed/slee/for_push/aspeed-rust/target/thumbv7em-none-eabihf/debug/deps/libaspeed_ddk-b5c71a3d31eda179.rlib(aspeed_ddk-b5c71a3d31eda179.3aiffx0z8s0ulzty9ysui3qnf.rcgu.o):(.text._ZN69_$LT$aspeed_ddk..hash..Digest64$u20$as$u20$core..default..Default$GT$7default17h465dd328dd3bb709E)
    1b50     1b50        0     1                 $t
    1b51     1b51       22     1                 _$LT$aspeed_ddk..hash..Digest64$u20$as$u20$core..default..Default$GT$::default::h465dd328dd3bb709
    1b72     1b72        a     2         /home/slee/work/rot/aspeed/slee/for_push/aspeed-rust/target/thumbv7em-none-eabihf/debug/deps/libaspeed_ddk-b5c71a3d31eda179.rlib(aspeed_ddk-b5c71a3d31eda179.3aiffx0z8s0ulzty9ysui3qnf.rcgu.o):(.text._ZN87_$LT$aspeed_ddk..hash..Digest64$u20$as$u20$core..convert..AsRef$LT$$u5b$u8$u5d$$GT$$GT$6as_ref17hd31f57b0b5ac4cabE)
    1b72     1b72        0     1                 $t
    1b73     1b73        a     1                 _$LT$aspeed_ddk..hash..Digest64$u20$as$u20$core..convert..AsRef$LT$$u5b$u8$u5d$$GT$$GT$::as_ref::hd31f57b0b5ac4cab
    1b7c     1b7c        a     2         /home/slee/work/rot/aspeed/slee/for_push/aspeed-rust/target/thumbv7em-none-eabihf/debug/deps/libaspeed_ddk-b5c71a3d31eda179.rlib(aspeed_ddk-b5c71a3d31eda179.3aiffx0z8s0ulzty9ysui3qnf.rcgu.o):(.text._ZN87_$LT$aspeed_ddk..hash..Digest64$u20$as$u20$core..convert..AsMut$LT$$u5b$u8$u5d$$GT$$GT$6as_mut17h0a05af67f78234c5E)
    1b7c     1b7c        0     1                 $t
    1b7d     1b7d        a     1                 _$LT$aspeed_ddk..hash..Digest64$u20$as$u20$core..convert..AsMut$LT$$u5b$u8$u5d$$GT$$GT$::as_mut::h0a05af67f78234c5
    1b86     1b86        2     2         /home/slee/work/rot/aspeed/slee/for_push/aspeed-rust/target/thumbv7em-none-eabihf/debug/deps/libaspeed_ddk-b5c71a3d31eda179.rlib(aspeed_ddk-b5c71a3d31eda179.3aiffx0z8s0ulzty9ysui3qnf.rcgu.o):(.text._ZN67_$LT$aspeed_ddk..hash..Sha256$u20$as$u20$core..default..Default$GT$7default17hdd0f20b12f01f699E)
    1b86     1b86        0     1                 $t
    1b87     1b87        2     1                 _$LT$aspeed_ddk..hash..Sha256$u20$as$u20$core..default..Default$GT$::default::hdd0f20b12f01f699
    1b88     1b88        2     2         /home/slee/work/rot/aspeed/slee/for_push/aspeed-rust/target/thumbv7em-none-eabihf/debug/deps/libaspeed_ddk-b5c71a3d31eda179.rlib(aspeed_ddk-b5c71a3d31eda179.3aiffx0z8s0ulzty9ysui3qnf.rcgu.o):(.text._ZN67_$LT$aspeed_ddk..hash..Sha384$u20$as$u20$core..default..Default$GT$7default17hbf5a20a8093528beE)
    1b88     1b88        0     1                 $t
    1b89     1b89        2     1                 _$LT$aspeed_ddk..hash..Sha384$u20$as$u20$core..default..Default$GT$::default::hbf5a20a8093528be
    1b8a     1b8a        2     2         /home/slee/work/rot/aspeed/slee/for_push/aspeed-rust/target/thumbv7em-none-eabihf/debug/deps/libaspeed_ddk-b5c71a3d31eda179.rlib(aspeed_ddk-b5c71a3d31eda179.3aiffx0z8s0ulzty9ysui3qnf.rcgu.o):(.text._ZN67_$LT$aspeed_ddk..hash..Sha512$u20$as$u20$core..default..Default$GT$7default17h7ddc8f241dd3632bE)
    1b8a     1b8a        0     1                 $t
    1b8b     1b8b        2     1                 _$LT$aspeed_ddk..hash..Sha512$u20$as$u20$core..default..Default$GT$::default::h7ddc8f241dd3632b
    1b8c     1b8c       10     2         /home/slee/work/rot/aspeed/slee/for_push/aspeed-rust/target/thumbv7em-none-eabihf/debug/deps/libaspeed_ddk-b5c71a3d31eda179.rlib(aspeed_ddk-b5c71a3d31eda179.3aiffx0z8s0ulzty9ysui3qnf.rcgu.o):(.text._ZN75_$LT$aspeed_ddk..hash..Sha256$u20$as$u20$aspeed_ddk..hash..IntoHashAlgo$GT$12to_hash_algo17h3115d67b9da5d8e2E)
    1b8c     1b8c        0     1                 $t
    1b8d     1b8d       10     1                 _$LT$aspeed_ddk..hash..Sha256$u20$as$u20$aspeed_ddk..hash..IntoHashAlgo$GT$::to_hash_algo::h3115d67b9da5d8e2
    1b9c     1b9c       10     2         /home/slee/work/rot/aspeed/slee/for_push/aspeed-rust/target/thumbv7em-none-eabihf/debug/deps/libaspeed_ddk-b5c71a3d31eda179.rlib(aspeed_ddk-b5c71a3d31eda179.3aiffx0z8s0ulzty9ysui3qnf.rcgu.o):(.text._ZN75_$LT$aspeed_ddk..hash..Sha384$u20$as$u20$aspeed_ddk..hash..IntoHashAlgo$GT$12to_hash_algo17h0766920964e742aeE)
    1b9c     1b9c        0     1                 $t
    1b9d     1b9d       10     1                 _$LT$aspeed_ddk..hash..Sha384$u20$as$u20$aspeed_ddk..hash..IntoHashAlgo$GT$::to_hash_algo::h0766920964e742ae
    1bac     1bac       10     2         /home/slee/work/rot/aspeed/slee/for_push/aspeed-rust/target/thumbv7em-none-eabihf/debug/deps/libaspeed_ddk-b5c71a3d31eda179.rlib(aspeed_ddk-b5c71a3d31eda179.3aiffx0z8s0ulzty9ysui3qnf.rcgu.o):(.text._ZN75_$LT$aspeed_ddk..hash..Sha512$u20$as$u20$aspeed_ddk..hash..IntoHashAlgo$GT$12to_hash_algo17hcf98e3242c020375E)
    1bac     1bac        0     1                 $t
    1bad     1bad       10     1                 _$LT$aspeed_ddk..hash..Sha512$u20$as$u20$aspeed_ddk..hash..IntoHashAlgo$GT$::to_hash_algo::hcf98e3242c020375
    1bbc     1bbc       18     2         /home/slee/work/rot/aspeed/slee/for_push/aspeed-rust/target/thumbv7em-none-eabihf/debug/deps/libaspeed_ddk-b5c71a3d31eda179.rlib(aspeed_ddk-b5c71a3d31eda179.3aiffx0z8s0ulzty9ysui3qnf.rcgu.o):(.text._ZN10aspeed_ddk4hash10Controller3new17h6651dec1d24f64f9E)
    1bbc     1bbc        0     1                 $t
    1bbd     1bbd       18     1                 aspeed_ddk::hash::Controller::new::h6651dec1d24f64f9
    1bd4     1bd4        a     2         /home/slee/work/rot/aspeed/slee/for_push/aspeed-rust/target/thumbv7em-none-eabihf/debug/deps/libaspeed_ddk-b5c71a3d31eda179.rlib(aspeed_ddk-b5c71a3d31eda179.3aiffx0z8s0ulzty9ysui3qnf.rcgu.o):(.text._ZN10aspeed_ddk4hash10Controller7ctx_mut17haeffd98e32420173E)
    1bd4     1bd4        0     1                 $t
    1bd5     1bd5        a     1                 aspeed_ddk::hash::Controller::ctx_mut::haeffd98e32420173
    1bde     1bde      2a4     2         /home/slee/work/rot/aspeed/slee/for_push/aspeed-rust/target/thumbv7em-none-eabihf/debug/deps/libaspeed_ddk-b5c71a3d31eda179.rlib(aspeed_ddk-b5c71a3d31eda179.3aiffx0z8s0ulzty9ysui3qnf.rcgu.o):(.text._ZN10aspeed_ddk4hash10Controller20start_hash_operation17hbd0c06c922847d4aE)
    1bde     1bde        0     1                 $t
    1bdf     1bdf      2a4     1                 aspeed_ddk::hash::Controller::start_hash_operation::hbd0c06c922847d4a
    1e82     1e82       7a     2         /home/slee/work/rot/aspeed/slee/for_push/aspeed-rust/target/thumbv7em-none-eabihf/debug/deps/libaspeed_ddk-b5c71a3d31eda179.rlib(aspeed_ddk-b5c71a3d31eda179.3aiffx0z8s0ulzty9ysui3qnf.rcgu.o):(.text._ZN10aspeed_ddk4hash10Controller17copy_iv_to_digest17h68ce812a7efe13c7E)
    1e82     1e82        0     1                 $t
    1e83     1e83       7a     1                 aspeed_ddk::hash::Controller::copy_iv_to_digest::h68ce812a7efe13c7
    1efc     1efc      410     2         /home/slee/work/rot/aspeed/slee/for_push/aspeed-rust/target/thumbv7em-none-eabihf/debug/deps/libaspeed_ddk-b5c71a3d31eda179.rlib(aspeed_ddk-b5c71a3d31eda179.3aiffx0z8s0ulzty9ysui3qnf.rcgu.o):(.text._ZN10aspeed_ddk4hash10Controller12fill_padding17h1c64ff6c16060c21E)
    1efc     1efc        0     1                 $t
    1efd     1efd      410     1                 aspeed_ddk::hash::Controller::fill_padding::h1c64ff6c16060c21
    230c     230c       38     2         /home/slee/work/rot/aspeed/slee/for_push/aspeed-rust/target/thumbv7em-none-eabihf/debug/deps/libaspeed_ddk-b5c71a3d31eda179.rlib(aspeed_ddk-b5c71a3d31eda179.3if2dn4m54jbi5qlsgsxlklkd.rcgu.o):(.text._ZN4core3fmt5Write10write_char17h90c63237f9114c61E)
    230c     230c        0     1                 $t
    230d     230d       38     1                 core::fmt::Write::write_char::h90c63237f9114c61
    2344     2344       10     2         /home/slee/work/rot/aspeed/slee/for_push/aspeed-rust/target/thumbv7em-none-eabihf/debug/deps/libaspeed_ddk-b5c71a3d31eda179.rlib(aspeed_ddk-b5c71a3d31eda179.3if2dn4m54jbi5qlsgsxlklkd.rcgu.o):(.text._ZN4core3fmt5Write9write_fmt17ha3805abf6926041aE)
    2344     2344        0     1                 $t
    2345     2345       10     1                 core::fmt::Write::write_fmt::ha3805abf6926041a
    2354     2354       60     2         /home/slee/work/rot/aspeed/slee/for_push/aspeed-rust/target/thumbv7em-none-eabihf/debug/deps/libaspeed_ddk-b5c71a3d31eda179.rlib(aspeed_ddk-b5c71a3d31eda179.3if2dn4m54jbi5qlsgsxlklkd.rcgu.o):(.text._ZN72_$LT$embedded_io..WriteFmtError$LT$E$GT$$u20$as$u20$core..fmt..Debug$GT$3fmt17hcc6ddf99c7f7e6bcE)
    2354     2354        0     1                 $t
    2355     2355       60     1                 _$LT$embedded_io..WriteFmtError$LT$E$GT$$u20$as$u20$core..fmt..Debug$GT$::fmt::hcc6ddf99c7f7e6bc
    23b4     23b4       cc     2         /home/slee/work/rot/aspeed/slee/for_push/aspeed-rust/target/thumbv7em-none-eabihf/debug/deps/libaspeed_ddk-b5c71a3d31eda179.rlib(aspeed_ddk-b5c71a3d31eda179.3if2dn4m54jbi5qlsgsxlklkd.rcgu.o):(.text._ZN75_$LT$$RF$mut$u20$W$u20$as$u20$core..fmt..Write..write_fmt..SpecWriteFmt$GT$14spec_write_fmt17h7d7bb2666b780182E)
    23b4     23b4        0     1                 $t
    23b5     23b5       cc     1                 _$LT$$RF$mut$u20$W$u20$as$u20$core..fmt..Write..write_fmt..SpecWriteFmt$GT$::spec_write_fmt::h7d7bb2666b780182
    2480     2480       56     2         /home/slee/work/rot/aspeed/slee/for_push/aspeed-rust/target/thumbv7em-none-eabihf/debug/deps/libaspeed_ddk-b5c71a3d31eda179.rlib(aspeed_ddk-b5c71a3d31eda179.3if2dn4m54jbi5qlsgsxlklkd.rcgu.o):(.text._ZN84_$LT$embedded_io..Write..write_fmt..Adapter$LT$T$GT$$u20$as$u20$core..fmt..Write$GT$9write_str17hea80c15edfe4ed7eE)
    2480     2480        0     1                 $t
    2481     2481       56     1                 _$LT$embedded_io..Write..write_fmt..Adapter$LT$T$GT$$u20$as$u20$core..fmt..Write$GT$::write_str::hea80c15edfe4ed7e
    24d6     24d6        a     2         /home/slee/work/rot/aspeed/slee/for_push/aspeed-rust/target/thumbv7em-none-eabihf/debug/deps/libaspeed_ddk-b5c71a3d31eda179.rlib(aspeed_ddk-b5c71a3d31eda179.53n0hmpdyqxwwks1jn90rbky2.rcgu.o):(.text._ZN43_$LT$u32$u20$as$u20$core..ops..bit..Not$GT$3not17h1e1ece47db49a0bdE)
    24d6     24d6        0     1                 $t
    24d7     24d7        a     1                 _$LT$u32$u20$as$u20$core..ops..bit..Not$GT$::not::h1e1ece47db49a0bd
    24e0     24e0        c     2         /home/slee/work/rot/aspeed/slee/for_push/aspeed-rust/target/thumbv7em-none-eabihf/debug/deps/libaspeed_ddk-b5c71a3d31eda179.rlib(aspeed_ddk-b5c71a3d31eda179.53n0hmpdyqxwwks1jn90rbky2.rcgu.o):(.text._ZN45_$LT$u32$u20$as$u20$core..ops..bit..BitOr$GT$5bitor17h80efed018da5ac3dE)
    24e0     24e0        0     1                 $t
    24e1     24e1        c     1                 _$LT$u32$u20$as$u20$core..ops..bit..BitOr$GT$::bitor::h80efed018da5ac3d
    24ec     24ec        c     2         /home/slee/work/rot/aspeed/slee/for_push/aspeed-rust/target/thumbv7em-none-eabihf/debug/deps/libaspeed_ddk-b5c71a3d31eda179.rlib(aspeed_ddk-b5c71a3d31eda179.53n0hmpdyqxwwks1jn90rbky2.rcgu.o):(.text._ZN46_$LT$u32$u20$as$u20$core..ops..bit..BitAnd$GT$6bitand17hdeae89028f56e3d8E)
    24ec     24ec        0     1                 $t
    24ed     24ed        c     1                 _$LT$u32$u20$as$u20$core..ops..bit..BitAnd$GT$::bitand::hdeae89028f56e3d8
    24f8     24f8       14     2         /home/slee/work/rot/aspeed/slee/for_push/aspeed-rust/target/thumbv7em-none-eabihf/debug/deps/libaspeed_ddk-b5c71a3d31eda179.rlib(aspeed_ddk-b5c71a3d31eda179.53n0hmpdyqxwwks1jn90rbky2.rcgu.o):(.text._ZN51_$LT$u32$u20$as$u20$core..ops..bit..BitOrAssign$GT$12bitor_assign17h2844262bea534ddcE)
    24f8     24f8        0     1                 $t
    24f9     24f9       14     1                 _$LT$u32$u20$as$u20$core..ops..bit..BitOrAssign$GT$::bitor_assign::h2844262bea534ddc
    250c     250c       14     2         /home/slee/work/rot/aspeed/slee/for_push/aspeed-rust/target/thumbv7em-none-eabihf/debug/deps/libaspeed_ddk-b5c71a3d31eda179.rlib(aspeed_ddk-b5c71a3d31eda179.53n0hmpdyqxwwks1jn90rbky2.rcgu.o):(.text._ZN52_$LT$u32$u20$as$u20$core..ops..bit..BitAndAssign$GT$13bitand_assign17h9cf9ce93a7efa13dE)
    250c     250c        0     1                 $t
    250d     250d       14     1                 _$LT$u32$u20$as$u20$core..ops..bit..BitAndAssign$GT$::bitand_assign::h9cf9ce93a7efa13d
    2520     2520       36     2         /home/slee/work/rot/aspeed/slee/for_push/aspeed-rust/target/thumbv7em-none-eabihf/debug/deps/libaspeed_ddk-b5c71a3d31eda179.rlib(aspeed_ddk-b5c71a3d31eda179.53n0hmpdyqxwwks1jn90rbky2.rcgu.o):(.text._ZN53_$LT$u32$u20$as$u20$core..ops..bit..Shl$LT$u8$GT$$GT$3shl17hbb02456514b27579E)
    2520     2520        0     1                 $t
    2521     2521       36     1                 _$LT$u32$u20$as$u20$core..ops..bit..Shl$LT$u8$GT$$GT$::shl::hbb02456514b27579
    2556     2556        a     2         /home/slee/work/rot/aspeed/slee/for_push/aspeed-rust/target/thumbv7em-none-eabihf/debug/deps/libaspeed_ddk-b5c71a3d31eda179.rlib(aspeed_ddk-b5c71a3d31eda179.78t1ujr80svguk0qavj7mk9iq.rcgu.o):(.text._ZN140_$LT$ast1060_pac..generic..Periph$LT$ast1060_pac..wdt..RegisterBlock$C$2121814016_usize$GT$$u20$as$u20$aspeed_ddk..watchdog..WdtInstance$GT$3ptr17h15c8e41ce5d14a6bE)
    2556     2556        0     1                 $t
    2557     2557        a     1                 _$LT$ast1060_pac..generic..Periph$LT$ast1060_pac..wdt..RegisterBlock$C$2121814016_usize$GT$$u20$as$u20$aspeed_ddk..watchdog..WdtInstance$GT$::ptr::h15c8e41ce5d14a6b
    2560     2560        a     2         /home/slee/work/rot/aspeed/slee/for_push/aspeed-rust/target/thumbv7em-none-eabihf/debug/deps/libaspeed_ddk-b5c71a3d31eda179.rlib(aspeed_ddk-b5c71a3d31eda179.78t1ujr80svguk0qavj7mk9iq.rcgu.o):(.text._ZN140_$LT$ast1060_pac..generic..Periph$LT$ast1060_pac..wdt..RegisterBlock$C$2121814144_usize$GT$$u20$as$u20$aspeed_ddk..watchdog..WdtInstance$GT$3ptr17h782d504c8060e63eE)
    2560     2560        0     1                 $t
    2561     2561        a     1                 _$LT$ast1060_pac..generic..Periph$LT$ast1060_pac..wdt..RegisterBlock$C$2121814144_usize$GT$$u20$as$u20$aspeed_ddk..watchdog..WdtInstance$GT$::ptr::h782d504c8060e63e
    256a     256a      274     2         /home/slee/work/rot/aspeed/slee/for_push/aspeed-rust/target/thumbv7em-none-eabihf/debug/deps/libaspeed_ddk-b5c71a3d31eda179.rlib(aspeed_ddk-b5c71a3d31eda179.7mms04bkyj4vgn5ued79irwh8.rcgu.o):(.text._ZN10aspeed_ddk4uart14UartController4init17h234cc9e32a00444eE)
    256a     256a        0     1                 $t
    256b     256b      274     1                 aspeed_ddk::uart::UartController::init::h234cc9e32a00444e
    27de     27de       b6     2         /home/slee/work/rot/aspeed/slee/for_push/aspeed-rust/target/thumbv7em-none-eabihf/debug/deps/libaspeed_ddk-b5c71a3d31eda179.rlib(aspeed_ddk-b5c71a3d31eda179.7mms04bkyj4vgn5ued79irwh8.rcgu.o):(.text._ZN10aspeed_ddk4uart14UartController14send_byte_fifo17hd2b6594c21b7f776E)
    27de     27de        0     1                 $t
    27df     27df       b6     1                 aspeed_ddk::uart::UartController::send_byte_fifo::hd2b6594c21b7f776
    2894     2894        a     2         /home/slee/work/rot/aspeed/slee/for_push/aspeed-rust/target/thumbv7em-none-eabihf/debug/deps/libaspeed_ddk-b5c71a3d31eda179.rlib(aspeed_ddk-b5c71a3d31eda179.7mms04bkyj4vgn5ued79irwh8.rcgu.o):(.text._ZN10aspeed_ddk4uart14UartController3new17h124ddb54dd669424E)
    2894     2894        0     1                 $t
    2895     2895        a     1                 aspeed_ddk::uart::UartController::new::h124ddb54dd669424
    289e     289e       52     2         /home/slee/work/rot/aspeed/slee/for_push/aspeed-rust/target/thumbv7em-none-eabihf/debug/deps/libaspeed_ddk-b5c71a3d31eda179.rlib(aspeed_ddk-b5c71a3d31eda179.7mms04bkyj4vgn5ued79irwh8.rcgu.o):(.text._ZN71_$LT$aspeed_ddk..uart..UartController$u20$as$u20$embedded_io..Write$GT$5write17h7ef34421a8fc46feE)
    289e     289e        0     1                 $t
    289f     289f       52     1                 _$LT$aspeed_ddk..uart..UartController$u20$as$u20$embedded_io..Write$GT$::write::h7ef34421a8fc46fe
    28f0     28f0       7c     4         /home/slee/work/rot/aspeed/slee/for_push/aspeed-rust/target/thumbv7em-none-eabihf/debug/deps/libaspeed_ddk-b5c71a3d31eda179.rlib(aspeed_ddk-b5c71a3d31eda179.7mms04bkyj4vgn5ued79irwh8.rcgu.o):(.text._ZN69_$LT$aspeed_ddk..uart..Uart16550Error$u20$as$u20$core..fmt..Debug$GT$3fmt17hfef33164cd99d560E)
    28f0     28f0        0     1                 $t
    28f1     28f1       7c     1                 _$LT$aspeed_ddk..uart..Uart16550Error$u20$as$u20$core..fmt..Debug$GT$::fmt::hfef33164cd99d560
    2906     2906        0     1                 $d
    290c     290c        0     1                 $t
    296c     296c       22     2         /home/slee/work/rot/aspeed/slee/for_push/aspeed-rust/target/thumbv7em-none-eabihf/debug/deps/libaspeed_ddk-b5c71a3d31eda179.rlib(aspeed_ddk-b5c71a3d31eda179.7mms04bkyj4vgn5ued79irwh8.rcgu.o):(.text._ZN67_$LT$aspeed_ddk..uart..StopBits$u20$as$u20$core..cmp..PartialEq$GT$2eq17h522fa1df2a6d65fcE)
    296c     296c        0     1                 $t
    296d     296d       22     1                 _$LT$aspeed_ddk..uart..StopBits$u20$as$u20$core..cmp..PartialEq$GT$::eq::h522fa1df2a6d65fc
    298e     298e       18     2         /home/slee/work/rot/aspeed/slee/for_push/aspeed-rust/target/thumbv7em-none-eabihf/debug/deps/libaspeed_ddk-b5c71a3d31eda179.rlib(aspeed_ddk-b5c71a3d31eda179.8w53lg5qgaunb3kysy0if34dr.rcgu.o):(.text._ZN4core4iter6traits8iterator8Iterator9enumerate17h8ab14e8c057e559eE)
    298e     298e        0     1                 $t
    298f     298f       18     1                 core::iter::traits::iterator::Iterator::enumerate::h8ab14e8c057e559e
    29a6     29a6       28     2         /home/slee/work/rot/aspeed/slee/for_push/aspeed-rust/target/thumbv7em-none-eabihf/debug/deps/libaspeed_ddk-b5c71a3d31eda179.rlib(aspeed_ddk-b5c71a3d31eda179.8w53lg5qgaunb3kysy0if34dr.rcgu.o):(.text._ZN4core5slice4iter13Iter$LT$T$GT$3new17h78cb30bdc5ee5bbdE)
    29a6     29a6        0     1                 $t
    29a7     29a7       28     1                 core::slice::iter::Iter$LT$T$GT$::new::h78cb30bdc5ee5bbd
    29ce     29ce       28     2         /home/slee/work/rot/aspeed/slee/for_push/aspeed-rust/target/thumbv7em-none-eabihf/debug/deps/libaspeed_ddk-b5c71a3d31eda179.rlib(aspeed_ddk-b5c71a3d31eda179.8w53lg5qgaunb3kysy0if34dr.rcgu.o):(.text._ZN4core5slice4iter87_$LT$impl$u20$core..iter..traits..collect..IntoIterator$u20$for$u20$$RF$$u5b$T$u5d$$GT$9into_iter17h202dbd5d296c14c7E)
    29ce     29ce        0     1                 $t
    29cf     29cf       28     1                 core::slice::iter::_$LT$impl$u20$core..iter..traits..collect..IntoIterator$u20$for$u20$$RF$$u5b$T$u5d$$GT$::into_iter::h202dbd5d296c14c7
    29f6     29f6       66     2         /home/slee/work/rot/aspeed/slee/for_push/aspeed-rust/target/thumbv7em-none-eabihf/debug/deps/libaspeed_ddk-b5c71a3d31eda179.rlib(aspeed_ddk-b5c71a3d31eda179.8w53lg5qgaunb3kysy0if34dr.rcgu.o):(.text._ZN91_$LT$core..slice..iter..Iter$LT$T$GT$$u20$as$u20$core..iter..traits..iterator..Iterator$GT$4next17h3b5c2b2df04932edE)
    29f6     29f6        0     1                 $t
    29f7     29f7       66     1                 _$LT$core..slice..iter..Iter$LT$T$GT$$u20$as$u20$core..iter..traits..iterator..Iterator$GT$::next::h3b5c2b2df04932ed
    2a5c     2a5c       66     2         /home/slee/work/rot/aspeed/slee/for_push/aspeed-rust/target/thumbv7em-none-eabihf/debug/deps/libaspeed_ddk-b5c71a3d31eda179.rlib(aspeed_ddk-b5c71a3d31eda179.8w53lg5qgaunb3kysy0if34dr.rcgu.o):(.text._ZN94_$LT$core..slice..iter..IterMut$LT$T$GT$$u20$as$u20$core..iter..traits..iterator..Iterator$GT$4next17h0e8ce0c4c7e7dc4bE)
    2a5c     2a5c        0     1                 $t
    2a5d     2a5d       66     1                 _$LT$core..slice..iter..IterMut$LT$T$GT$$u20$as$u20$core..iter..traits..iterator..Iterator$GT$::next::h0e8ce0c4c7e7dc4b
    2ac2     2ac2      250     2         /home/slee/work/rot/aspeed/slee/for_push/aspeed-rust/target/thumbv7em-none-eabihf/debug/deps/libaspeed_ddk-b5c71a3d31eda179.rlib(aspeed_ddk-b5c71a3d31eda179.9pvstvnyfdtr4rdbi38cs2e40.rcgu.o):(.text._ZN10aspeed_ddk5tests10functional9hash_test15print_hex_array17h7eead42fae089c50E)
    2ac2     2ac2        0     1                 $t
    2ac3     2ac3      250     1                 aspeed_ddk::tests::functional::hash_test::print_hex_array::h7eead42fae089c50
    2d12     2d12      2d8     2         /home/slee/work/rot/aspeed/slee/for_push/aspeed-rust/target/thumbv7em-none-eabihf/debug/deps/libaspeed_ddk-b5c71a3d31eda179.rlib(aspeed_ddk-b5c71a3d31eda179.9pvstvnyfdtr4rdbi38cs2e40.rcgu.o):(.text._ZN10aspeed_ddk5tests10functional9hash_test11print_input17hd3f0a8d429d89590E)
    2d12     2d12        0     1                 $t
    2d13     2d13      2d8     1                 aspeed_ddk::tests::functional::hash_test::print_input::hd3f0a8d429d89590
[...]
     48e      48e      1af     1         /home/slee/work/rot/aspeed/slee/for_push/aspeed-rust/target/thumbv7em-none-eabihf/debug/deps/aspeed_ddk-35bc4f8ee92eabc0.3r780oaxtiuofmwpgah1u7lsr.rcgu.o:(.debug_line)
     63d      63d      137     1         /home/slee/work/rot/aspeed/slee/for_push/aspeed-rust/target/thumbv7em-none-eabihf/debug/deps/aspeed_ddk-35bc4f8ee92eabc0.44mseg5y46x89q0r8oasllz8a.rcgu.o:(.debug_line)
     774      774       df     1         /home/slee/work/rot/aspeed/slee/for_push/aspeed-rust/target/thumbv7em-none-eabihf/debug/deps/aspeed_ddk-35bc4f8ee92eabc0.6y49uvaiz9y682q91ltz2u2m6.rcgu.o:(.debug_line)
     853      853       a9     1         /home/slee/work/rot/aspeed/slee/for_push/aspeed-rust/target/thumbv7em-none-eabihf/debug/deps/aspeed_ddk-35bc4f8ee92eabc0.706whj2dt2wu42exgc5trtf7a.rcgu.o:(.debug_line)
     8fc      8fc      391     1         /home/slee/work/rot/aspeed/slee/for_push/aspeed-rust/target/thumbv7em-none-eabihf/debug/deps/aspeed_ddk-35bc4f8ee92eabc0.7rclx00tcfrsszxx8o7xrjun3.rcgu.o:(.debug_line)
     c8d      c8d       a0     1         /home/slee/work/rot/aspeed/slee/for_push/aspeed-rust/target/thumbv7em-none-eabihf/debug/deps/aspeed_ddk-35bc4f8ee92eabc0.94voqeq3qlfne1ho7km4e472q.rcgu.o:(.debug_line)
     d2d      d2d       63     1         /home/slee/work/rot/aspeed/slee/for_push/aspeed-rust/target/thumbv7em-none-eabihf/debug/deps/aspeed_ddk-35bc4f8ee92eabc0.995djf62xd0msbur9ztdg3x1s.rcgu.o:(.debug_line)
     d90      d90       dd     1         /home/slee/work/rot/aspeed/slee/for_push/aspeed-rust/target/thumbv7em-none-eabihf/debug/deps/aspeed_ddk-35bc4f8ee92eabc0.9qmmw6nz1wf7l5segd5ti30ff.rcgu.o:(.debug_line)
     e6d      e6d      6fc     1         /home/slee/work/rot/aspeed/slee/for_push/aspeed-rust/target/thumbv7em-none-eabihf/debug/deps/aspeed_ddk-35bc4f8ee92eabc0.bkgph1ixng6hy0mvfgleqhng8.rcgu.o:(.debug_line)
    1569     1569      128     1         /home/slee/work/rot/aspeed/slee/for_push/aspeed-rust/target/thumbv7em-none-eabihf/debug/deps/aspeed_ddk-35bc4f8ee92eabc0.c0u7de16a7e17zjfnnr3jvcmu.rcgu.o:(.debug_line)
    1691     1691       ef     1         /home/slee/work/rot/aspeed/slee/for_push/aspeed-rust/target/thumbv7em-none-eabihf/debug/deps/aspeed_ddk-35bc4f8ee92eabc0.dsneex2p12x77tbbgiv4f39el.rcgu.o:(.debug_line)
    1780     1780      23d     1         /home/slee/work/rot/aspeed/slee/for_push/aspeed-rust/target/thumbv7em-none-eabihf/debug/deps/aspeed_ddk-35bc4f8ee92eabc0.ea7rud5cq33valfinlhtjb79s.rcgu.o:(.debug_line)
    19bd     19bd       cf     1         /home/slee/work/rot/aspeed/slee/for_push/aspeed-rust/target/thumbv7em-none-eabihf/debug/deps/aspeed_ddk-35bc4f8ee92eabc0.ectzs8uph6a1i5dl48uk8xlhy.rcgu.o:(.debug_line)
    1a8c     1a8c      9e8     1         /home/slee/work/rot/aspeed/slee/for_push/aspeed-rust/target/thumbv7em-none-eabihf/debug/deps/libcortex_m_rt-233497c59cb9212a.rlib(cortex_m_rt-233497c59cb9212a.cortex_m_rt.9d372c7205fe0a0b-cgu.0.rcgu.o):(.debug_line)
    2474     2474       3f     1         /home/slee/work/rot/aspeed/slee/for_push/aspeed-rust/target/thumbv7em-none-eabihf/debug/deps/libpanic_halt-7818d47dfa1c25b8.rlib(panic_halt-7818d47dfa1c25b8.panic_halt.bca939c02576a6a1-cgu.0.rcgu.o):(.debug_line)
    24b3     24b3      801     1         /home/slee/work/rot/aspeed/slee/for_push/aspeed-rust/target/thumbv7em-none-eabihf/debug/deps/libaspeed_ddk-b5c71a3d31eda179.rlib(aspeed_ddk-b5c71a3d31eda179.3aiffx0z8s0ulzty9ysui3qnf.rcgu.o):(.debug_line)
    2cb4     2cb4      2b9     1         /home/slee/work/rot/aspeed/slee/for_push/aspeed-rust/target/thumbv7em-none-eabihf/debug/deps/libaspeed_ddk-b5c71a3d31eda179.rlib(aspeed_ddk-b5c71a3d31eda179.3if2dn4m54jbi5qlsgsxlklkd.rcgu.o):(.debug_line)
    2f6d     2f6d      128     1         /home/slee/work/rot/aspeed/slee/for_push/aspeed-rust/target/thumbv7em-none-eabihf/debug/deps/libaspeed_ddk-b5c71a3d31eda179.rlib(aspeed_ddk-b5c71a3d31eda179.53n0hmpdyqxwwks1jn90rbky2.rcgu.o):(.debug_line)
    3095     3095       7d     1         /home/slee/work/rot/aspeed/slee/for_push/aspeed-rust/target/thumbv7em-none-eabihf/debug/deps/libaspeed_ddk-b5c71a3d31eda179.rlib(aspeed_ddk-b5c71a3d31eda179.78t1ujr80svguk0qavj7mk9iq.rcgu.o):(.debug_line)
    3112     3112      60d     1         /home/slee/work/rot/aspeed/slee/for_push/aspeed-rust/target/thumbv7em-none-eabihf/debug/deps/libaspeed_ddk-b5c71a3d31eda179.rlib(aspeed_ddk-b5c71a3d31eda179.7mms04bkyj4vgn5ued79irwh8.rcgu.o):(.debug_line)
    371f     371f      545     1         /home/slee/work/rot/aspeed/slee/for_push/aspeed-rust/target/thumbv7em-none-eabihf/debug/deps/libaspeed_ddk-b5c71a3d31eda179.rlib(aspeed_ddk-b5c71a3d31eda179.8w53lg5qgaunb3kysy0if34dr.rcgu.o):(.debug_line)
    3c64     3c64      291     1         /home/slee/work/rot/aspeed/slee/for_push/aspeed-rust/target/thumbv7em-none-eabihf/debug/deps/libaspeed_ddk-b5c71a3d31eda179.rlib(aspeed_ddk-b5c71a3d31eda179.9pvstvnyfdtr4rdbi38cs2e40.rcgu.o):(.debug_line)
    3ef5     3ef5      204     1         /home/slee/work/rot/aspeed/slee/for_push/aspeed-rust/target/thumbv7em-none-eabihf/debug/deps/libaspeed_ddk-b5c71a3d31eda179.rlib(aspeed_ddk-b5c71a3d31eda179.400yz58vmojs9lp8mh217td5y.rcgu.o):(.debug_line)
    40f9     40f9       cd     1         /home/slee/work/rot/aspeed/slee/for_push/aspeed-rust/target/thumbv7em-none-eabihf/debug/deps/libaspeed_ddk-b5c71a3d31eda179.rlib(aspeed_ddk-b5c71a3d31eda179.6r9e4spyptka23b2qlh66n44u.rcgu.o):(.debug_line)
    41c6     41c6       bc     1         /home/slee/work/rot/aspeed/slee/for_push/aspeed-rust/target/thumbv7em-none-eabihf/debug/deps/libaspeed_ddk-b5c71a3d31eda179.rlib(aspeed_ddk-b5c71a3d31eda179.740y9bwifvlqhi3mxh1jroshp.rcgu.o):(.debug_line)
    4282     4282       b0     1         /home/slee/work/rot/aspeed/slee/for_push/aspeed-rust/target/thumbv7em-none-eabihf/debug/deps/libaspeed_ddk-b5c71a3d31eda179.rlib(aspeed_ddk-b5c71a3d31eda179.5lpqar3d0gs3pl27klm8z91gg.rcgu.o):(.debug_line)
    4332     4332      1b5     1         /home/slee/work/rot/aspeed/slee/for_push/aspeed-rust/target/thumbv7em-none-eabihf/debug/deps/libaspeed_ddk-b5c71a3d31eda179.rlib(aspeed_ddk-b5c71a3d31eda179.9tarho8zo0lj6v4eu57g6q2xx.rcgu.o):(.debug_line)
    44e7     44e7       e1     1         /home/slee/work/rot/aspeed/slee/for_push/aspeed-rust/target/thumbv7em-none-eabihf/debug/deps/libaspeed_ddk-b5c71a3d31eda179.rlib(aspeed_ddk-b5c71a3d31eda179.a38naoavk8kx0ulb4fny9i5mt.rcgu.o):(.debug_line)
    45c8     45c8      1aa     1         /home/slee/work/rot/aspeed/slee/for_push/aspeed-rust/target/thumbv7em-none-eabihf/debug/deps/libaspeed_ddk-b5c71a3d31eda179.rlib(aspeed_ddk-b5c71a3d31eda179.arru3ic2jco552bndrt0055yc.rcgu.o):(.debug_line)
    4772     4772       d7     1         /home/slee/work/rot/aspeed/slee/for_push/aspeed-rust/target/thumbv7em-none-eabihf/debug/deps/libaspeed_ddk-b5c71a3d31eda179.rlib(aspeed_ddk-b5c71a3d31eda179.7q14eljggenytinfmgvdrow0v.rcgu.o):(.debug_line)
    4849     4849       a8     1         /home/slee/work/rot/aspeed/slee/for_push/aspeed-rust/target/thumbv7em-none-eabihf/debug/deps/libaspeed_ddk-b5c71a3d31eda179.rlib(aspeed_ddk-b5c71a3d31eda179.641mhkqqsjl44xy7jizbeowpx.rcgu.o):(.debug_line)
    48f1     48f1      31d     1         /home/slee/work/rot/aspeed/slee/for_push/aspeed-rust/target/thumbv7em-none-eabihf/debug/deps/libaspeed_ddk-b5c71a3d31eda179.rlib(aspeed_ddk-b5c71a3d31eda179.biaxnmr609x81wddqkdlhhjr6.rcgu.o):(.debug_line)
    4c0e     4c0e      3b6     1         /home/slee/work/rot/aspeed/slee/for_push/aspeed-rust/target/thumbv7em-none-eabihf/debug/deps/libaspeed_ddk-b5c71a3d31eda179.rlib(aspeed_ddk-b5c71a3d31eda179.1pgjxwmocs7946de2vk9v5nnj.rcgu.o):(.debug_line)
    4fc4     4fc4       f2     1         /home/slee/work/rot/aspeed/slee/for_push/aspeed-rust/target/thumbv7em-none-eabihf/debug/deps/libaspeed_ddk-b5c71a3d31eda179.rlib(aspeed_ddk-b5c71a3d31eda179.bnedn8qjvgq30c7hdm4h5i13s.rcgu.o):(.debug_line)
    50b6     50b6      19d     1         /home/slee/work/rot/aspeed/slee/for_push/aspeed-rust/target/thumbv7em-none-eabihf/debug/deps/libaspeed_ddk-b5c71a3d31eda179.rlib(aspeed_ddk-b5c71a3d31eda179.appg0wxgzb03ccndmg1a5yxbj.rcgu.o):(.debug_line)
    5253     5253       bb     1         /home/slee/work/rot/aspeed/slee/for_push/aspeed-rust/target/thumbv7em-none-eabihf/debug/deps/libaspeed_ddk-b5c71a3d31eda179.rlib(aspeed_ddk-b5c71a3d31eda179.d4coxlq4f6mm5cddpl363ihqn.rcgu.o):(.debug_line)
    530e     530e       a9     1         /home/slee/work/rot/aspeed/slee/for_push/aspeed-rust/target/thumbv7em-none-eabihf/debug/deps/libaspeed_ddk-b5c71a3d31eda179.rlib(aspeed_ddk-b5c71a3d31eda179.d8kgxqoqlm761i7gjtlbu557q.rcgu.o):(.debug_line)
    53b7     53b7      a30     1         /home/slee/work/rot/aspeed/slee/for_push/aspeed-rust/target/thumbv7em-none-eabihf/debug/deps/libaspeed_ddk-b5c71a3d31eda179.rlib(aspeed_ddk-b5c71a3d31eda179.dde8ubleyy6p23kgrcs69bzcs.rcgu.o):(.debug_line)
    5de7     5de7      5b7     1         /home/slee/work/rot/aspeed/slee/for_push/aspeed-rust/target/thumbv7em-none-eabihf/debug/deps/libaspeed_ddk-b5c71a3d31eda179.rlib(aspeed_ddk-b5c71a3d31eda179.dmmx1piia7g77m5fovln3pxwq.rcgu.o):(.debug_line)
    639e     639e      152     1         /home/slee/work/rot/aspeed/slee/for_push/aspeed-rust/target/thumbv7em-none-eabihf/debug/deps/libaspeed_ddk-b5c71a3d31eda179.rlib(aspeed_ddk-b5c71a3d31eda179.51ow56ftta58jz30amomb8azt.rcgu.o):(.debug_line)
    64f0     64f0      13a     1         /home/slee/work/rot/aspeed/slee/for_push/aspeed-rust/target/thumbv7em-none-eabihf/debug/deps/libaspeed_ddk-b5c71a3d31eda179.rlib(aspeed_ddk-b5c71a3d31eda179.bm53b124i9zut3ffzspgeqhn1.rcgu.o):(.debug_line)
    662a     662a       9d     1         /home/slee/work/rot/aspeed/slee/for_push/aspeed-rust/target/thumbv7em-none-eabihf/debug/deps/libaspeed_ddk-b5c71a3d31eda179.rlib(aspeed_ddk-b5c71a3d31eda179.1ycll541gfw829vprz2720kbz.rcgu.o):(.debug_line)
    66c7     66c7      b2a     1         /home/slee/work/rot/aspeed/slee/for_push/aspeed-rust/target/thumbv7em-none-eabihf/debug/deps/librand_core-d249fb090c10ac45.rlib(rand_core-d249fb090c10ac45.rand_core.faa55e70f2917e75-cgu.0.rcgu.o):(.debug_line)
    71f1     71f1      446     1         /home/slee/work/rot/aspeed/slee/for_push/aspeed-rust/target/thumbv7em-none-eabihf/debug/deps/libast1060_pac-ae3a0009a26cf8cd.rlib(ast1060_pac-ae3a0009a26cf8cd.ast1060_pac.2a76fe9214a5962a-cgu.0.rcgu.o):(.debug_line)
    7637     7637      f87     1         /home/slee/work/rot/aspeed/slee/for_push/aspeed-rust/target/thumbv7em-none-eabihf/debug/deps/libcortex_m-e3437d5d371aec2c.rlib(cortex_m-e3437d5d371aec2c.cortex_m.a71eeb4928f4e2d6-cgu.0.rcgu.o):(.debug_line)
    85be     85be      4ad     1         /home/slee/work/rot/aspeed/slee/for_push/aspeed-rust/target/thumbv7em-none-eabihf/debug/deps/libcortex_m-e3437d5d371aec2c.rlib(bin/thumbv7em-none-eabihf.o):(.debug_line)
    8a6b     8a6b      2e6     1         /home/slee/work/rot/aspeed/slee/for_push/aspeed-rust/target/thumbv7em-none-eabihf/debug/deps/libembedded_hal-80c3a77b253213ad.rlib(embedded_hal-80c3a77b253213ad.embedded_hal.18f79e1c5c3bf011-cgu.0.rcgu.o):(.debug_line)
    8d51     8d51    1cadf     1         /home/slee/.rustup/toolchains/stable-x86_64-unknown-linux-gnu/lib/rustlib/thumbv7em-none-eabihf/lib/libcore-f45611e0071e2dc9.rlib(core-f45611e0071e2dc9.core.d8722fd8e8349c27-cgu.0.rcgu.o):(.debug_line)
   25830    25830       49     1         /home/slee/.rustup/toolchains/stable-x86_64-unknown-linux-gnu/lib/rustlib/thumbv7em-none-eabihf/lib/libcompiler_builtins-293d325c45568833.rlib(compiler_builtins-293d325c45568833.compiler_builtins.61e33bb3965672fe-cgu.127.rcgu.o):(.debug_line)
   25879    25879     10d0     1         /home/slee/.rustup/toolchains/stable-x86_64-unknown-linux-gnu/lib/rustlib/thumbv7em-none-eabihf/lib/libcompiler_builtins-293d325c45568833.rlib(compiler_builtins-293d325c45568833.compiler_builtins.61e33bb3965672fe-cgu.000.rcgu.o):(.debug_line)
   26949    26949      527     1         /home/slee/.rustup/toolchains/stable-x86_64-unknown-linux-gnu/lib/rustlib/thumbv7em-none-eabihf/lib/libcompiler_builtins-293d325c45568833.rlib(compiler_builtins-293d325c45568833.compiler_builtins.61e33bb3965672fe-cgu.015.rcgu.o):(.debug_line)
   26e70    26e70      27a     1         /home/slee/.rustup/toolchains/stable-x86_64-unknown-linux-gnu/lib/rustlib/thumbv7em-none-eabihf/lib/libcompiler_builtins-293d325c45568833.rlib(compiler_builtins-293d325c45568833.compiler_builtins.61e33bb3965672fe-cgu.129.rcgu.o):(.debug_line)
   270ea    270ea       ee     1         /home/slee/.rustup/toolchains/stable-x86_64-unknown-linux-gnu/lib/rustlib/thumbv7em-none-eabihf/lib/libcompiler_builtins-293d325c45568833.rlib(compiler_builtins-293d325c45568833.compiler_builtins.61e33bb3965672fe-cgu.134.rcgu.o):(.debug_line)
   271d8    271d8      3e6     1         /home/slee/.rustup/toolchains/stable-x86_64-unknown-linux-gnu/lib/rustlib/thumbv7em-none-eabihf/lib/libcompiler_builtins-293d325c45568833.rlib(compiler_builtins-293d325c45568833.compiler_builtins.61e33bb3965672fe-cgu.152.rcgu.o):(.debug_line)
   275be    275be      3f8     1         /home/slee/.rustup/toolchains/stable-x86_64-unknown-linux-gnu/lib/rustlib/thumbv7em-none-eabihf/lib/libcompiler_builtins-293d325c45568833.rlib(compiler_builtins-293d325c45568833.compiler_builtins.61e33bb3965672fe-cgu.164.rcgu.o):(.debug_line)
   279b6    279b6      223     1         /home/slee/.rustup/toolchains/stable-x86_64-unknown-linux-gnu/lib/rustlib/thumbv7em-none-eabihf/lib/libcompiler_builtins-293d325c45568833.rlib(compiler_builtins-293d325c45568833.compiler_builtins.61e33bb3965672fe-cgu.169.rcgu.o):(.debug_line)
   27bd9    27bd9      244     1         /home/slee/.rustup/toolchains/stable-x86_64-unknown-linux-gnu/lib/rustlib/thumbv7em-none-eabihf/lib/libcompiler_builtins-293d325c45568833.rlib(compiler_builtins-293d325c45568833.compiler_builtins.61e33bb3965672fe-cgu.196.rcgu.o):(.debug_line)
   27e1d    27e1d      215     1         /home/slee/.rustup/toolchains/stable-x86_64-unknown-linux-gnu/lib/rustlib/thumbv7em-none-eabihf/lib/libcompiler_builtins-293d325c45568833.rlib(compiler_builtins-293d325c45568833.compiler_builtins.61e33bb3965672fe-cgu.278.rcgu.o):(.debug_line)
   28032    28032      1d4     1         /home/slee/.rustup/toolchains/stable-x86_64-unknown-linux-gnu/lib/rustlib/thumbv7em-none-eabihf/lib/libcompiler_builtins-293d325c45568833.rlib(compiler_builtins-293d325c45568833.compiler_builtins.61e33bb3965672fe-cgu.287.rcgu.o):(.debug_line)
   28206    28206     1045     1         /home/slee/.rustup/toolchains/stable-x86_64-unknown-linux-gnu/lib/rustlib/thumbv7em-none-eabihf/lib/libcompiler_builtins-293d325c45568833.rlib(compiler_builtins-293d325c45568833.compiler_builtins.61e33bb3965672fe-cgu.007.rcgu.o):(.debug_line)
   2924b    2924b      2c1     1         /home/slee/.rustup/toolchains/stable-x86_64-unknown-linux-gnu/lib/rustlib/thumbv7em-none-eabihf/lib/libcompiler_builtins-293d325c45568833.rlib(compiler_builtins-293d325c45568833.compiler_builtins.61e33bb3965672fe-cgu.296.rcgu.o):(.debug_line)
   2950c    2950c      2d8     1         /home/slee/.rustup/toolchains/stable-x86_64-unknown-linux-gnu/lib/rustlib/thumbv7em-none-eabihf/lib/libcompiler_builtins-293d325c45568833.rlib(compiler_builtins-293d325c45568833.compiler_builtins.61e33bb3965672fe-cgu.304.rcgu.o):(.debug_line)
   297e4    297e4       7b     1         /home/slee/.rustup/toolchains/stable-x86_64-unknown-linux-gnu/lib/rustlib/thumbv7em-none-eabihf/lib/libcompiler_builtins-293d325c45568833.rlib(compiler_builtins-293d325c45568833.compiler_builtins.61e33bb3965672fe-cgu.311.rcgu.o):(.debug_line)
   2985f    2985f      2ae     1         /home/slee/.rustup/toolchains/stable-x86_64-unknown-linux-gnu/lib/rustlib/thumbv7em-none-eabihf/lib/libcompiler_builtins-293d325c45568833.rlib(compiler_builtins-293d325c45568833.compiler_builtins.61e33bb3965672fe-cgu.320.rcgu.o):(.debug_line)
   29b0d    29b0d       42     1         /home/slee/.rustup/toolchains/stable-x86_64-unknown-linux-gnu/lib/rustlib/thumbv7em-none-eabihf/lib/libcompiler_builtins-293d325c45568833.rlib(compiler_builtins-293d325c45568833.compiler_builtins.61e33bb3965672fe-cgu.351.rcgu.o):(.debug_line)
   29b4f    29b4f      ca7     1         /home/slee/.rustup/toolchains/stable-x86_64-unknown-linux-gnu/lib/rustlib/thumbv7em-none-eabihf/lib/libcompiler_builtins-293d325c45568833.rlib(compiler_builtins-293d325c45568833.compiler_builtins.61e33bb3965672fe-cgu.005.rcgu.o):(.debug_line)
   2a7f6    2a7f6       a7     1         /home/slee/.rustup/toolchains/stable-x86_64-unknown-linux-gnu/lib/rustlib/thumbv7em-none-eabihf/lib/libcompiler_builtins-293d325c45568833.rlib(compiler_builtins-293d325c45568833.compiler_builtins.61e33bb3965672fe-cgu.188.rcgu.o):(.debug_line)
   2a89d    2a89d      682     1         /home/slee/.rustup/toolchains/stable-x86_64-unknown-linux-gnu/lib/rustlib/thumbv7em-none-eabihf/lib/libcompiler_builtins-293d325c45568833.rlib(compiler_builtins-293d325c45568833.compiler_builtins.61e33bb3965672fe-cgu.009.rcgu.o):(.debug_line)
       0        0      27a     1 .debug_loc
       0        0       29     1         /home/slee/work/rot/aspeed/slee/for_push/aspeed-rust/target/thumbv7em-none-eabihf/debug/deps/libcortex_m_rt-233497c59cb9212a.rlib(cortex_m_rt-233497c59cb9212a.cortex_m_rt.9d372c7205fe0a0b-cgu.0.rcgu.o):(.debug_loc)
      29       29       52     1         /home/slee/work/rot/aspeed/slee/for_push/aspeed-rust/target/thumbv7em-none-eabihf/debug/deps/libaspeed_ddk-b5c71a3d31eda179.rlib(aspeed_ddk-b5c71a3d31eda179.3if2dn4m54jbi5qlsgsxlklkd.rcgu.o):(.debug_loc)
      7b       7b       36     1         /home/slee/work/rot/aspeed/slee/for_push/aspeed-rust/target/thumbv7em-none-eabihf/debug/deps/libaspeed_ddk-b5c71a3d31eda179.rlib(aspeed_ddk-b5c71a3d31eda179.7mms04bkyj4vgn5ued79irwh8.rcgu.o):(.debug_loc)
      b1       b1       28     1         /home/slee/work/rot/aspeed/slee/for_push/aspeed-rust/target/thumbv7em-none-eabihf/debug/deps/libaspeed_ddk-b5c71a3d31eda179.rlib(aspeed_ddk-b5c71a3d31eda179.400yz58vmojs9lp8mh217td5y.rcgu.o):(.debug_loc)
      d9       d9       e2     1         /home/slee/work/rot/aspeed/slee/for_push/aspeed-rust/target/thumbv7em-none-eabihf/debug/deps/libaspeed_ddk-b5c71a3d31eda179.rlib(aspeed_ddk-b5c71a3d31eda179.dmmx1piia7g77m5fovln3pxwq.rcgu.o):(.debug_loc)
     1bb      1bb       29     1         /home/slee/work/rot/aspeed/slee/for_push/aspeed-rust/target/thumbv7em-none-eabihf/debug/deps/librand_core-d249fb090c10ac45.rlib(rand_core-d249fb090c10ac45.rand_core.faa55e70f2917e75-cgu.0.rcgu.o):(.debug_loc)
     1e4      1e4       6d     1         /home/slee/work/rot/aspeed/slee/for_push/aspeed-rust/target/thumbv7em-none-eabihf/debug/deps/libcortex_m-e3437d5d371aec2c.rlib(bin/thumbv7em-none-eabihf.o):(.debug_loc)
     251      251       29     1         /home/slee/work/rot/aspeed/slee/for_push/aspeed-rust/target/thumbv7em-none-eabihf/debug/deps/libembedded_hal-80c3a77b253213ad.rlib(embedded_hal-80c3a77b253213ad.embedded_hal.18f79e1c5c3bf011-cgu.0.rcgu.o):(.debug_loc)
       0        0      2be     1 .debug_pubnames
       0        0      2be     1         /home/slee/work/rot/aspeed/slee/for_push/aspeed-rust/target/thumbv7em-none-eabihf/debug/deps/libcortex_m-e3437d5d371aec2c.rlib(bin/thumbv7em-none-eabihf.o):(.debug_pubnames)
       0        0       47     1 .debug_pubtypes
       0        0       47     1         /home/slee/work/rot/aspeed/slee/for_push/aspeed-rust/target/thumbv7em-none-eabihf/debug/deps/libcortex_m-e3437d5d371aec2c.rlib(bin/thumbv7em-none-eabihf.o):(.debug_pubtypes)
       0        0     3770     4 .symtab
       0        0     3770     4         <internal>:(.symtab)
       0        0       f1     1 .shstrtab
       0        0       f1     1         <internal>:(.shstrtab)
       0        0     7608     1 .strtab
       0        0     7608     1         <internal>:(.strtab)
